traps: chrome[2979] trap invalid opcode ip:55911b28dba3 sp:7ffea558a3e0 error:0
 in chrome[55911728a000+6a0b000]
chrome: page allocation failure: order:5, mode:0x24040c0(GFP_KERNEL|__GFP_COMP)
CPU: 0 PID: 2979 Comm: chrome Not tainted 4.9.3-200.fc25.x86_64 #1
Hardware name: Gigabyte Technology Co., Ltd. Z87M-D3H/Z87M-D3H, BIOS F11 08/12/2014
 ffffa9660e293738 ffffffff833f3ddd ffffffff83c507c8 0000000000000001
 ffffa9660e2937c0 ffffffff831cc45a 024040c090d21e80 ffffffff83c507c8
 ffffa9660e293760 ffffa96600000010 ffffa9660e2937d0 ffffa9660e293780
Call Trace:
 [<ffffffff833f3ddd>] dump_stack+0x63/0x86
 [<ffffffff831cc45a>] warn_alloc+0x13a/0x170
 [<ffffffff831cc176>] ? __alloc_pages_direct_compact+0x46/0xf0
 [<ffffffff831cc752>] __alloc_pages_slowpath+0x252/0xb40
 [<ffffffff831cd331>] __alloc_pages_nodemask+0x2f1/0x340
 [<ffffffff83222ff5>] alloc_pages_current+0x95/0x140
 [<ffffffff831ee158>] kmalloc_order+0x18/0x40
 [<ffffffff831ee1a4>] kmalloc_order_trace+0x24/0xa0
 [<ffffffff8323072d>] __kmalloc+0x1cd/0x1f0
 [<ffffffff832bac67>] ? elf_core_dump+0xb67/0x1590
 [<ffffffff832bad1d>] elf_core_dump+0xc1d/0x1590
 [<ffffffff8381a306>] ? schedule_timeout+0x226/0x3f0
 [<ffffffff832c0c8e>] do_coredump+0x55e/0xed0
 [<ffffffff830cdd39>] ? try_to_wake_up+0x59/0x3d0
 [<ffffffff830b235d>] get_signal+0x27d/0x630
 [<ffffffff83026067>] do_signal+0x37/0x690
 [<ffffffff830b0f89>] ? force_sig_info+0xc9/0xe0
 [<ffffffff83026cf9>] ? do_trap+0x69/0x140
 [<ffffffff83027119>] ? do_error_trap+0x89/0x110
 [<ffffffff830b37a4>] ? restore_altstack+0x24/0x40
 [<ffffffff83003286>] exit_to_usermode_loop+0x76/0xb0
 [<ffffffff83003af0>] prepare_exit_to_usermode+0x40/0x50
 [<ffffffff8381c5af>] retint_user+0x8/0x10
Mem-Info:
active_anon:7037325 inactive_anon:439700 isolated_anon:32
 active_file:26879 inactive_file:18930 isolated_file:0
 unevictable:662 dirty:843 writeback:156 unstable:0
 slab_reclaimable:54077 slab_unreclaimable:57937
 mapped:106009 shmem:99958 pagetables:130941 bounce:0
 free:51693 free_pcp:57 free_cma:0
Node 0 active_anon:28149300kB inactive_anon:1758800kB active_file:107516kB inactive_file:75720kB unevictable:2648kB isolated(anon):128kB isolated(file):0kB mapped:424036kB dirty:3372kB writeback:624kB shmem:0kB shmem_thp: 0kB shmem_pmdmapped: 0kB anon_thp: 399832kB writeback_tmp:0kB unstable:0kB pages_scanned:499 all_unreclaimable? no
Node 0 DMA free:15200kB min:32kB low:44kB high:56kB active_anon:0kB inactive_anon:0kB active_file:0kB inactive_file:0kB unevictable:0kB writepending:0kB present:15988kB managed:15896kB mlocked:0kB slab_reclaimable:0kB slab_unreclaimable:696kB kernel_stack:0kB pagetables:0kB bounce:0kB free_pcp:0kB local_pcp:0kB free_cma:0kB
lowmem_reserve[]: 0 2415 31073 31073 31073
Node 0 DMA32 free:120752kB min:5248kB low:7720kB high:10192kB active_anon:2209792kB inactive_anon:66432kB active_file:3372kB inactive_file:1580kB unevictable:0kB writepending:0kB present:2556492kB managed:2490500kB mlocked:0kB slab_reclaimable:7992kB slab_unreclaimable:6452kB kernel_stack:788kB pagetables:26292kB bounce:0kB free_pcp:0kB local_pcp:0kB free_cma:0kB
lowmem_reserve[]: 0 0 28657 28657 28657
Node 0 Normal free:70820kB min:62296kB low:91640kB high:120984kB active_anon:25939300kB inactive_anon:1692436kB active_file:104140kB inactive_file:73848kB unevictable:2648kB writepending:3964kB present:29874176kB managed:29349888kB mlocked:2648kB slab_reclaimable:208316kB slab_unreclaimable:224600kB kernel_stack:50684kB pagetables:497472kB bounce:0kB free_pcp:256kB local_pcp:0kB free_cma:0kB
lowmem_reserve[]: 0 0 0 0 0
Node 0 DMA: 0*4kB 0*8kB 0*16kB 1*32kB (U) 1*64kB (U) 0*128kB 1*256kB (U) 1*512kB (U) 0*1024kB 1*2048kB (M) 3*4096kB (M) = 15200kB
Node 0 DMA32: 918*4kB (UMEH) 1381*8kB (UMEH) 403*16kB (UMEH) 77*32kB (UMEH) 86*64kB (UMEH) 110*128kB (UMEH) 32*256kB (UME) 15*512kB (UME) 5*1024kB (UME) 2*2048kB (UM) 13*4096kB (M) = 121552kB
Node 0 Normal: 15574*4kB (UMEH) 444*8kB (UMH) 195*16kB (H) 55*32kB (H) 10*64kB (H) 1*128kB (H) 0*256kB 0*512kB 0*1024kB 0*2048kB 0*4096kB = 71496kB
Node 0 hugepages_total=0 hugepages_free=0 hugepages_surp=0 hugepages_size=1048576kB
Node 0 hugepages_total=0 hugepages_free=0 hugepages_surp=0 hugepages_size=2048kB
817618 total pagecache pages
671719 pages in swap cache
Swap cache stats: add 48474667, delete 47802948, find 21142431/37640654
Free swap  = 31218700kB
Total swap = 62494716kB
8111664 pages RAM
0 pages HighMem/MovableOnly
147593 pages reserved
0 pages cma reserved
0 pages hwpoisoned
