[    0.000000] CPU0 microcode updated early to revision 0x4, date = 2013-06-28
[    0.000000] Initializing cgroup subsys cpuset
[    0.000000] Initializing cgroup subsys cpu
[    0.000000] Initializing cgroup subsys cpuacct
[    0.000000] Linux version 3.10.0-229.el7.x86_64 (mockbuild@x86-035.build.eng.bos.redhat.com) (gcc version 4.8.3 20140911 (Red Hat 4.8.3-7) (GCC) ) #1 SMP Thu Jan 29 18:37:38 EST 2015
[    0.000000] Command line: BOOT_IMAGE=/boot/vmlinuz-3.10.0-229.el7.x86_64 root=/dev/mapper/vg_dhcp2120-root ro rd.lvm.lv=vg_dhcp2120/root rd.lvm.lv=vg_dhcp2120/lv_swap vconsole.font=latarcyrheb-sun16 vconsole.keymap=us crashkernel=auto crashkernel=128M LANG=en_US.UTF-8
[    0.000000] e820: BIOS-provided physical RAM map:
[    0.000000] BIOS-e820: [mem 0x0000000000000000-0x000000000009e7ff] usable
[    0.000000] BIOS-e820: [mem 0x000000000009e800-0x000000000009ffff] reserved
[    0.000000] BIOS-e820: [mem 0x00000000000d2000-0x00000000000d3fff] reserved
[    0.000000] BIOS-e820: [mem 0x00000000000dc000-0x00000000000fffff] reserved
[    0.000000] BIOS-e820: [mem 0x0000000000100000-0x00000000bb27bfff] usable
[    0.000000] BIOS-e820: [mem 0x00000000bb27c000-0x00000000bb281fff] reserved
[    0.000000] BIOS-e820: [mem 0x00000000bb282000-0x00000000bb35efff] usable
[    0.000000] BIOS-e820: [mem 0x00000000bb35f000-0x00000000bb370fff] reserved
[    0.000000] BIOS-e820: [mem 0x00000000bb371000-0x00000000bb3f1fff] ACPI NVS
[    0.000000] BIOS-e820: [mem 0x00000000bb3f2000-0x00000000bb40efff] reserved
[    0.000000] BIOS-e820: [mem 0x00000000bb40f000-0x00000000bb46efff] usable
[    0.000000] BIOS-e820: [mem 0x00000000bb46f000-0x00000000bb667fff] reserved
[    0.000000] BIOS-e820: [mem 0x00000000bb668000-0x00000000bb6e7fff] ACPI NVS
[    0.000000] BIOS-e820: [mem 0x00000000bb6e8000-0x00000000bb70efff] reserved
[    0.000000] BIOS-e820: [mem 0x00000000bb70f000-0x00000000bb716fff] usable
[    0.000000] BIOS-e820: [mem 0x00000000bb717000-0x00000000bb71efff] reserved
[    0.000000] BIOS-e820: [mem 0x00000000bb71f000-0x00000000bb76afff] usable
[    0.000000] BIOS-e820: [mem 0x00000000bb76b000-0x00000000bb776fff] ACPI NVS
[    0.000000] BIOS-e820: [mem 0x00000000bb777000-0x00000000bb779fff] ACPI data
[    0.000000] BIOS-e820: [mem 0x00000000bb77a000-0x00000000bb780fff] ACPI NVS
[    0.000000] BIOS-e820: [mem 0x00000000bb781000-0x00000000bb781fff] ACPI data
[    0.000000] BIOS-e820: [mem 0x00000000bb782000-0x00000000bb78afff] ACPI NVS
[    0.000000] BIOS-e820: [mem 0x00000000bb78b000-0x00000000bb78bfff] ACPI data
[    0.000000] BIOS-e820: [mem 0x00000000bb78c000-0x00000000bb79efff] ACPI NVS
[    0.000000] BIOS-e820: [mem 0x00000000bb79f000-0x00000000bb7fefff] ACPI data
[    0.000000] BIOS-e820: [mem 0x00000000bb7ff000-0x00000000bb7fffff] usable
[    0.000000] BIOS-e820: [mem 0x00000000bb800000-0x00000000bfffffff] reserved
[    0.000000] BIOS-e820: [mem 0x00000000e0000000-0x00000000efffffff] reserved
[    0.000000] BIOS-e820: [mem 0x00000000feaff000-0x00000000feafffff] reserved
[    0.000000] BIOS-e820: [mem 0x00000000fec00000-0x00000000fec0ffff] reserved
[    0.000000] BIOS-e820: [mem 0x00000000fed00000-0x00000000fed003ff] reserved
[    0.000000] BIOS-e820: [mem 0x00000000fed1c000-0x00000000fed8ffff] reserved
[    0.000000] BIOS-e820: [mem 0x00000000fee00000-0x00000000fee00fff] reserved
[    0.000000] BIOS-e820: [mem 0x00000000ff000000-0x00000000ffffffff] reserved
[    0.000000] BIOS-e820: [mem 0x0000000100000000-0x000000017bffffff] usable
[    0.000000] BIOS-e820: [mem 0x0000000180000000-0x00000001bbffffff] usable
[    0.000000] NX (Execute Disable) protection: active
[    0.000000] SMBIOS 2.6 present.
[    0.000000] DMI: LENOVO 2537CT4/2537CT4, BIOS 6IET72WW (1.32 ) 08/27/2010
[    0.000000] e820: update [mem 0x00000000-0x00000fff] usable ==> reserved
[    0.000000] e820: remove [mem 0x000a0000-0x000fffff] usable
[    0.000000] No AGP bridge found
[    0.000000] e820: last_pfn = 0x1bc000 max_arch_pfn = 0x400000000
[    0.000000] MTRR default type: uncachable
[    0.000000] MTRR fixed ranges enabled:
[    0.000000]   00000-9FFFF write-back
[    0.000000]   A0000-BFFFF uncachable
[    0.000000]   C0000-D3FFF write-protect
[    0.000000]   D4000-DBFFF uncachable
[    0.000000]   DC000-FFFFF write-protect
[    0.000000] MTRR variable ranges enabled:
[    0.000000]   0 disabled
[    0.000000]   1 base 000000000 mask F80000000 write-back
[    0.000000]   2 base 080000000 mask FC0000000 write-back
[    0.000000]   3 base 100000000 mask F80000000 write-back
[    0.000000]   4 base 180000000 mask FC0000000 write-back
[    0.000000]   5 base 1BC000000 mask FFC000000 uncachable
[    0.000000]   6 base 0BC000000 mask FFC000000 uncachable
[    0.000000]   7 disabled
[    0.000000] x86 PAT enabled: cpu 0, old 0x7040600070406, new 0x7010600070106
[    0.000000] original variable MTRRs
[    0.000000] reg 1, base: 0GB, range: 2GB, type WB
[    0.000000] reg 2, base: 2GB, range: 1GB, type WB
[    0.000000] reg 3, base: 4GB, range: 2GB, type WB
[    0.000000] reg 4, base: 6GB, range: 1GB, type WB
[    0.000000] reg 5, base: 7104MB, range: 64MB, type UC
[    0.000000] reg 6, base: 3008MB, range: 64MB, type UC
[    0.000000] total RAM covered: 6016M
[    0.000000] Found optimal setting for mtrr clean up
[    0.000000]  gran_size: 64K 	chunk_size: 128M 	num_reg: 6  	lose cover RAM: 0G
[    0.000000] New variable MTRRs
[    0.000000] reg 0, base: 0GB, range: 2GB, type WB
[    0.000000] reg 1, base: 2GB, range: 1GB, type WB
[    0.000000] reg 2, base: 3008MB, range: 64MB, type UC
[    0.000000] reg 3, base: 4GB, range: 2GB, type WB
[    0.000000] reg 4, base: 6GB, range: 1GB, type WB
[    0.000000] reg 5, base: 7104MB, range: 64MB, type UC
[    0.000000] e820: update [mem 0xbc000000-0xffffffff] usable ==> reserved
[    0.000000] e820: last_pfn = 0xbb800 max_arch_pfn = 0x400000000
[    0.000000] found SMP MP-table at [mem 0x000f68b0-0x000f68bf] mapped at [ffff8800000f68b0]
[    0.000000] Base memory trampoline at [ffff880000098000] 98000 size 24576
[    0.000000] init_memory_mapping: [mem 0x00000000-0x000fffff]
[    0.000000]  [mem 0x00000000-0x000fffff] page 4k
[    0.000000] BRK [0x01ee5000, 0x01ee5fff] PGTABLE
[    0.000000] BRK [0x01ee6000, 0x01ee6fff] PGTABLE
[    0.000000] BRK [0x01ee7000, 0x01ee7fff] PGTABLE
[    0.000000] init_memory_mapping: [mem 0x1bbe00000-0x1bbffffff]
[    0.000000]  [mem 0x1bbe00000-0x1bbffffff] page 2M
[    0.000000] BRK [0x01ee8000, 0x01ee8fff] PGTABLE
[    0.000000] init_memory_mapping: [mem 0x1b8000000-0x1bbdfffff]
[    0.000000]  [mem 0x1b8000000-0x1bbdfffff] page 2M
[    0.000000] init_memory_mapping: [mem 0x180000000-0x1b7ffffff]
[    0.000000]  [mem 0x180000000-0x1b7ffffff] page 2M
[    0.000000] init_memory_mapping: [mem 0x00100000-0xbb27bfff]
[    0.000000]  [mem 0x00100000-0x001fffff] page 4k
[    0.000000]  [mem 0x00200000-0xbb1fffff] page 2M
[    0.000000]  [mem 0xbb200000-0xbb27bfff] page 4k
[    0.000000] init_memory_mapping: [mem 0xbb282000-0xbb35efff]
[    0.000000]  [mem 0xbb282000-0xbb35efff] page 4k
[    0.000000] init_memory_mapping: [mem 0xbb40f000-0xbb46efff]
[    0.000000]  [mem 0xbb40f000-0xbb46efff] page 4k
[    0.000000] BRK [0x01ee9000, 0x01ee9fff] PGTABLE
[    0.000000] init_memory_mapping: [mem 0xbb70f000-0xbb716fff]
[    0.000000]  [mem 0xbb70f000-0xbb716fff] page 4k
[    0.000000] BRK [0x01eea000, 0x01eeafff] PGTABLE
[    0.000000] init_memory_mapping: [mem 0xbb71f000-0xbb76afff]
[    0.000000]  [mem 0xbb71f000-0xbb76afff] page 4k
[    0.000000] init_memory_mapping: [mem 0xbb7ff000-0xbb7fffff]
[    0.000000]  [mem 0xbb7ff000-0xbb7fffff] page 4k
[    0.000000] init_memory_mapping: [mem 0x100000000-0x17bffffff]
[    0.000000]  [mem 0x100000000-0x17bffffff] page 2M
[    0.000000] RAMDISK: [mem 0x35f4e000-0x36f9efff]
[    0.000000] ACPI: RSDP 00000000000f6870 00024 (v02 LENOVO)
[    0.000000] ACPI: XSDT 00000000bb7ef338 0009C (v01 LENOVO TP-6I    00001320  LTP 00000000)
[    0.000000] ACPI: FACP 00000000bb7ef400 000F4 (v04 LENOVO TP-6I    00001320 LNVO 00000001)
[    0.000000] ACPI: DSDT 00000000bb7ef7d1 0F2F8 (v01 LENOVO TP-6I    00001320 MSFT 03000001)
[    0.000000] ACPI: FACS 00000000bb6e7000 00040
[    0.000000] ACPI: SSDT 00000000bb7ef5b4 0021D (v01 LENOVO TP-6I    00001320 MSFT 03000001)
[    0.000000] ACPI: ECDT 00000000bb7feac9 00052 (v01 LENOVO TP-6I    00001320 LNVO 00000001)
[    0.000000] ACPI: APIC 00000000bb7feb1b 00084 (v01 LENOVO TP-6I    00001320 LNVO 00000001)
[    0.000000] ACPI: MCFG 00000000bb7febd7 0003C (v01 LENOVO TP-6I    00001320 LNVO 00000001)
[    0.000000] ACPI: HPET 00000000bb7fec13 00038 (v01 LENOVO TP-6I    00001320 LNVO 00000001)
[    0.000000] ACPI: ASF! 00000000bb7fedbe 000A4 (v16 LENOVO TP-6I    00001320 PTL  00000001)
[    0.000000] ACPI: SLIC 00000000bb7fee62 00176 (v01 LENOVO TP-6I    00001320  LTP 00000000)
[    0.000000] ACPI: BOOT 00000000bb7fefd8 00028 (v01 LENOVO TP-6I    00001320  LTP 00000001)
[    0.000000] ACPI: SSDT 00000000bb6e591a 0084B (v01 LENOVO TP-6I    00001320 INTL 20050513)
[    0.000000] ACPI: TCPA 00000000bb78b000 00032 (v02    PTL  CRESTLN 06040000      00005A52)
[    0.000000] ACPI: DMAR 00000000bb781000 000B8 (v01 INTEL  CP_DALE  00000001 INTL 00000001)
[    0.000000] ACPI: SSDT 00000000bb779000 009F1 (v01  PmRef    CpuPm 00003000 INTL 20061109)
[    0.000000] ACPI: SSDT 00000000bb778000 00259 (v01  PmRef  Cpu0Tst 00003000 INTL 20061109)
[    0.000000] ACPI: SSDT 00000000bb777000 0049F (v01  PmRef    ApTst 00003000 INTL 20061109)
[    0.000000] ACPI: Local APIC address 0xfee00000
[    0.000000] No NUMA configuration found
[    0.000000] Faking a node at [mem 0x0000000000000000-0x00000001bbffffff]
[    0.000000] Initmem setup node 0 [mem 0x00000000-0x1bbffffff]
[    0.000000]   NODE_DATA [mem 0x1bbfd4000-0x1bbffafff]
[    0.000000] Reserving 128MB of memory at 720MB for crashkernel (System RAM: 5939MB)
[    0.000000]  [ffffea0000000000-ffffea0006ffffff] PMD -> [ffff8801b5600000-ffff8801bb5fffff] on node 0
[    0.000000] Zone ranges:
[    0.000000]   DMA      [mem 0x00001000-0x00ffffff]
[    0.000000]   DMA32    [mem 0x01000000-0xffffffff]
[    0.000000]   Normal   [mem 0x100000000-0x1bbffffff]
[    0.000000] Movable zone start for each node
[    0.000000] Early memory node ranges
[    0.000000]   node   0: [mem 0x00001000-0x0009dfff]
[    0.000000]   node   0: [mem 0x00100000-0xbb27bfff]
[    0.000000]   node   0: [mem 0xbb282000-0xbb35efff]
[    0.000000]   node   0: [mem 0xbb40f000-0xbb46efff]
[    0.000000]   node   0: [mem 0xbb70f000-0xbb716fff]
[    0.000000]   node   0: [mem 0xbb71f000-0xbb76afff]
[    0.000000]   node   0: [mem 0xbb7ff000-0xbb7fffff]
[    0.000000]   node   0: [mem 0x100000000-0x17bffffff]
[    0.000000]   node   0: [mem 0x180000000-0x1bbffffff]
[    0.000000] On node 0 totalpages: 1520555
[    0.000000]   DMA zone: 64 pages used for memmap
[    0.000000]   DMA zone: 21 pages reserved
[    0.000000]   DMA zone: 3997 pages, LIFO batch:0
[    0.000000]   DMA32 zone: 11921 pages used for memmap
[    0.000000]   DMA32 zone: 762894 pages, LIFO batch:31
[    0.000000]   Normal zone: 12032 pages used for memmap
[    0.000000]   Normal zone: 753664 pages, LIFO batch:31
[    0.000000] Reserving Intel graphics stolen memory at 0xbe000000-0xbfffffff
[    0.000000] ACPI: PM-Timer IO Port: 0x1008
[    0.000000] ACPI: Local APIC address 0xfee00000
[    0.000000] ACPI: LAPIC (acpi_id[0x00] lapic_id[0x00] enabled)
[    0.000000] ACPI: LAPIC (acpi_id[0x01] lapic_id[0x01] enabled)
[    0.000000] ACPI: LAPIC (acpi_id[0x02] lapic_id[0x04] enabled)
[    0.000000] ACPI: LAPIC (acpi_id[0x03] lapic_id[0x05] enabled)
[    0.000000] ACPI: LAPIC_NMI (acpi_id[0x00] high edge lint[0x1])
[    0.000000] ACPI: LAPIC_NMI (acpi_id[0x01] high edge lint[0x1])
[    0.000000] ACPI: LAPIC_NMI (acpi_id[0x02] high edge lint[0x1])
[    0.000000] ACPI: LAPIC_NMI (acpi_id[0x03] high edge lint[0x1])
[    0.000000] ACPI: IOAPIC (id[0x01] address[0xfec00000] gsi_base[0])
[    0.000000] IOAPIC[0]: apic_id 1, version 32, address 0xfec00000, GSI 0-23
[    0.000000] ACPI: INT_SRC_OVR (bus 0 bus_irq 0 global_irq 2 dfl dfl)
[    0.000000] ACPI: INT_SRC_OVR (bus 0 bus_irq 9 global_irq 9 high level)
[    0.000000] ACPI: IRQ0 used by override.
[    0.000000] ACPI: IRQ2 used by override.
[    0.000000] ACPI: IRQ9 used by override.
[    0.000000] Using ACPI (MADT) for SMP configuration information
[    0.000000] ACPI: HPET id: 0x8086a701 base: 0xfed00000
[    0.000000] smpboot: Allowing 4 CPUs, 0 hotplug CPUs
[    0.000000] nr_irqs_gsi: 40
[    0.000000] PM: Registered nosave memory: [mem 0x0009e000-0x0009efff]
[    0.000000] PM: Registered nosave memory: [mem 0x0009f000-0x0009ffff]
[    0.000000] PM: Registered nosave memory: [mem 0x000a0000-0x000d1fff]
[    0.000000] PM: Registered nosave memory: [mem 0x000d2000-0x000d3fff]
[    0.000000] PM: Registered nosave memory: [mem 0x000d4000-0x000dbfff]
[    0.000000] PM: Registered nosave memory: [mem 0x000dc000-0x000fffff]
[    0.000000] PM: Registered nosave memory: [mem 0xbb27c000-0xbb281fff]
[    0.000000] PM: Registered nosave memory: [mem 0xbb35f000-0xbb370fff]
[    0.000000] PM: Registered nosave memory: [mem 0xbb371000-0xbb3f1fff]
[    0.000000] PM: Registered nosave memory: [mem 0xbb3f2000-0xbb40efff]
[    0.000000] PM: Registered nosave memory: [mem 0xbb46f000-0xbb667fff]
[    0.000000] PM: Registered nosave memory: [mem 0xbb668000-0xbb6e7fff]
[    0.000000] PM: Registered nosave memory: [mem 0xbb6e8000-0xbb70efff]
[    0.000000] PM: Registered nosave memory: [mem 0xbb717000-0xbb71efff]
[    0.000000] PM: Registered nosave memory: [mem 0xbb76b000-0xbb776fff]
[    0.000000] PM: Registered nosave memory: [mem 0xbb777000-0xbb779fff]
[    0.000000] PM: Registered nosave memory: [mem 0xbb77a000-0xbb780fff]
[    0.000000] PM: Registered nosave memory: [mem 0xbb781000-0xbb781fff]
[    0.000000] PM: Registered nosave memory: [mem 0xbb782000-0xbb78afff]
[    0.000000] PM: Registered nosave memory: [mem 0xbb78b000-0xbb78bfff]
[    0.000000] PM: Registered nosave memory: [mem 0xbb78c000-0xbb79efff]
[    0.000000] PM: Registered nosave memory: [mem 0xbb79f000-0xbb7fefff]
[    0.000000] PM: Registered nosave memory: [mem 0xbb800000-0xbfffffff]
[    0.000000] PM: Registered nosave memory: [mem 0xc0000000-0xdfffffff]
[    0.000000] PM: Registered nosave memory: [mem 0xe0000000-0xefffffff]
[    0.000000] PM: Registered nosave memory: [mem 0xf0000000-0xfeafefff]
[    0.000000] PM: Registered nosave memory: [mem 0xfeaff000-0xfeafffff]
[    0.000000] PM: Registered nosave memory: [mem 0xfeb00000-0xfebfffff]
[    0.000000] PM: Registered nosave memory: [mem 0xfec00000-0xfec0ffff]
[    0.000000] PM: Registered nosave memory: [mem 0xfec10000-0xfecfffff]
[    0.000000] PM: Registered nosave memory: [mem 0xfed00000-0xfed1bfff]
[    0.000000] PM: Registered nosave memory: [mem 0xfed1c000-0xfed8ffff]
[    0.000000] PM: Registered nosave memory: [mem 0xfed90000-0xfedfffff]
[    0.000000] PM: Registered nosave memory: [mem 0xfee00000-0xfee00fff]
[    0.000000] PM: Registered nosave memory: [mem 0xfee01000-0xfeffffff]
[    0.000000] PM: Registered nosave memory: [mem 0xff000000-0xffffffff]
[    0.000000] PM: Registered nosave memory: [mem 0x17c000000-0x17fffffff]
[    0.000000] e820: [mem 0xc0000000-0xdfffffff] available for PCI devices
[    0.000000] Booting paravirtualized kernel on bare hardware
[    0.000000] setup_percpu: NR_CPUS:5120 nr_cpumask_bits:4 nr_cpu_ids:4 nr_node_ids:1
[    0.000000] PERCPU: Embedded 28 pages/cpu @ffff8801bbc00000 s82752 r8192 d23744 u524288
[    0.000000] pcpu-alloc: s82752 r8192 d23744 u524288 alloc=1*2097152
[    0.000000] pcpu-alloc: [0] 0 1 2 3 
[    0.000000] Built 1 zonelists in Node order, mobility grouping on.  Total pages: 1496517
[    0.000000] Policy zone: Normal
[    0.000000] Kernel command line: BOOT_IMAGE=/boot/vmlinuz-3.10.0-229.el7.x86_64 root=/dev/mapper/vg_dhcp2120-root ro rd.lvm.lv=vg_dhcp2120/root rd.lvm.lv=vg_dhcp2120/lv_swap vconsole.font=latarcyrheb-sun16 vconsole.keymap=us crashkernel=auto crashkernel=128M LANG=en_US.UTF-8
[    0.000000] PID hash table entries: 4096 (order: 3, 32768 bytes)
[    0.000000] Checking aperture...
[    0.000000] No AGP bridge found
[    0.000000] Memory: 5753840k/7274496k available (6241k kernel code, 1192276k absent, 328380k reserved, 4181k data, 1604k init)
[    0.000000] SLUB: HWalign=64, Order=0-3, MinObjects=0, CPUs=4, Nodes=1
[    0.000000] Hierarchical RCU implementation.
[    0.000000] 	RCU restricting CPUs from NR_CPUS=5120 to nr_cpu_ids=4.
[    0.000000] 	Experimental no-CBs for all CPUs
[    0.000000] 	Experimental no-CBs CPUs: 0-3.
[    0.000000] NR_IRQS:327936 nr_irqs:712 16
[    0.000000] Console: colour VGA+ 80x25
[    0.000000] console [tty0] enabled
[    0.000000] allocated 25165824 bytes of page_cgroup
[    0.000000] please try 'cgroup_disable=memory' option if you don't want memory cgroups
[    0.000000] hpet clockevent registered
[    0.000000] tsc: Fast TSC calibration using PIT
[    0.001000] tsc: Detected 2527.035 MHz processor
[    0.000003] Calibrating delay loop (skipped), value calculated using timer frequency.. 5054.07 BogoMIPS (lpj=2527035)
[    0.000179] pid_max: default: 32768 minimum: 301
[    0.000286] Security Framework initialized
[    0.000378] SELinux:  Initializing.
[    0.000467] SELinux:  Starting in permissive mode
[    0.001121] Dentry cache hash table entries: 1048576 (order: 11, 8388608 bytes)
[    0.003732] Inode-cache hash table entries: 524288 (order: 10, 4194304 bytes)
[    0.004914] Mount-cache hash table entries: 4096
[    0.005230] Initializing cgroup subsys memory
[    0.005326] Initializing cgroup subsys devices
[    0.005412] Initializing cgroup subsys freezer
[    0.005499] Initializing cgroup subsys net_cls
[    0.005583] Initializing cgroup subsys blkio
[    0.005680] Initializing cgroup subsys perf_event
[    0.005768] Initializing cgroup subsys hugetlb
[    0.005880] CPU: Physical Processor ID: 0
[    0.005965] CPU: Processor Core ID: 0
[    0.006053] mce: CPU supports 9 MCE banks
[    0.006147] CPU0: Thermal monitoring enabled (TM1)
[    0.006242] Last level iTLB entries: 4KB 512, 2MB 7, 4MB 7
Last level dTLB entries: 4KB 512, 2MB 32, 4MB 32
tlb_flushall_shift: 6
[    0.006490] Freeing SMP alternatives: 24k freed
[    0.007707] ACPI: Core revision 20130517
[    0.014602] ACPI: All ACPI Tables successfully acquired
[    0.023191] ftrace: allocating 23909 entries in 94 pages
[    0.034794] dmar: Host address width 36
[    0.034893] dmar: DRHD base: 0x000000fed90000 flags: 0x0
[    0.034999] dmar: IOMMU 0: reg_base_addr fed90000 ver 1:0 cap c9008020e30272 ecap 1000
[    0.035149] dmar: DRHD base: 0x000000fed91000 flags: 0x0
[    0.035253] dmar: IOMMU 1: reg_base_addr fed91000 ver 1:0 cap c0000020230272 ecap 1000
[    0.035404] dmar: DRHD base: 0x000000fed93000 flags: 0x1
[    0.035507] dmar: IOMMU 2: reg_base_addr fed93000 ver 1:0 cap c9008020630272 ecap 1000
[    0.035664] dmar: RMRR base: 0x000000bb6e9000 end: 0x000000bb6fffff
[    0.035769] dmar: RMRR base: 0x000000bde00000 end: 0x000000bfffffff
[    0.036499] ..TIMER: vector=0x30 apic1=0 pin1=2 apic2=-1 pin2=-1
[    0.046598] smpboot: CPU0: Intel(R) Core(TM) i5 CPU       M 540  @ 2.53GHz (fam: 06, model: 25, stepping: 05)
[    0.148545] Performance Events: PEBS fmt1+, 16-deep LBR, Westmere events, Intel PMU driver.
[    0.148875] perf_event_intel: CPUID marked event: 'bus cycles' unavailable
[    0.148982] ... version:                3
[    0.149078] ... bit width:              48
[    0.149174] ... generic registers:      4
[    0.149270] ... value mask:             0000ffffffffffff
[    0.149371] ... max period:             000000007fffffff
[    0.149471] ... fixed-purpose events:   3
[    0.149569] ... event mask:             000000070000000f
[    0.164211] NMI watchdog: enabled on all CPUs, permanently consumes one hw-PMU counter.
[    0.175818] CPU2 microcode updated early to revision 0x4, date = 2013-06-28
[    0.150897] smpboot: Booting Node   0, Processors  #1 #2 #3 OK
[    0.191418] Brought up 4 CPUs
[    0.191517] smpboot: Total of 4 processors activated (20216.28 BogoMIPS)
[    0.194064] devtmpfs: initialized
[    0.197536] EVM: security.selinux
[    0.197630] EVM: security.ima
[    0.197723] EVM: security.capability
[    0.197886] PM: Registering ACPI NVS region [mem 0xbb371000-0xbb3f1fff] (528384 bytes)
[    0.198045] PM: Registering ACPI NVS region [mem 0xbb668000-0xbb6e7fff] (524288 bytes)
[    0.198204] PM: Registering ACPI NVS region [mem 0xbb76b000-0xbb776fff] (49152 bytes)
[    0.198355] PM: Registering ACPI NVS region [mem 0xbb77a000-0xbb780fff] (28672 bytes)
[    0.198507] PM: Registering ACPI NVS region [mem 0xbb782000-0xbb78afff] (36864 bytes)
[    0.198657] PM: Registering ACPI NVS region [mem 0xbb78c000-0xbb79efff] (77824 bytes)
[    0.199692] atomic64 test passed for x86-64 platform with CX8 and with SSE
[    0.199887] NET: Registered protocol family 16
[    0.200149] ACPI FADT declares the system doesn't support PCIe ASPM, so disable it
[    0.200300] ACPI: bus type PCI registered
[    0.200396] acpiphp: ACPI Hot Plug PCI Controller Driver version: 0.5
[    0.200558] PCI: MMCONFIG for domain 0000 [bus 00-ff] at [mem 0xe0000000-0xefffffff] (base 0xe0000000)
[    0.200715] PCI: MMCONFIG at [mem 0xe0000000-0xefffffff] reserved in E820
[    0.223881] PCI: Using configuration type 1 for base access
[    0.224909] ACPI: Added _OSI(Module Device)
[    0.225007] ACPI: Added _OSI(Processor Device)
[    0.225105] ACPI: Added _OSI(3.0 _SCP Extensions)
[    0.225204] ACPI: Added _OSI(Processor Aggregator Device)
[    0.226525] ACPI: EC: EC description table is found, configuring boot EC
[    0.230333] [Firmware Bug]: ACPI: BIOS _OSI(Linux) query ignored
[    0.306392] ACPI: SSDT 00000000bb71aa18 004B1 (v01  PmRef  Cpu0Ist 00003000 INTL 20061109)
[    0.306916] ACPI: Dynamic OEM Table Load:
[    0.307094] ACPI: SSDT           (null) 004B1 (v01  PmRef  Cpu0Ist 00003000 INTL 20061109)
[    0.307424] ACPI: SSDT 00000000bb718718 006B2 (v01  PmRef  Cpu0Cst 00003001 INTL 20061109)
[    0.307955] ACPI: Dynamic OEM Table Load:
[    0.308133] ACPI: SSDT           (null) 006B2 (v01  PmRef  Cpu0Cst 00003001 INTL 20061109)
[    0.312133] ACPI: SSDT 00000000bb719a98 00303 (v01  PmRef    ApIst 00003000 INTL 20061109)
[    0.312695] ACPI: Dynamic OEM Table Load:
[    0.312873] ACPI: SSDT           (null) 00303 (v01  PmRef    ApIst 00003000 INTL 20061109)
[    0.315158] ACPI: SSDT 00000000bb717d98 00119 (v01  PmRef    ApCst 00003000 INTL 20061109)
[    0.315690] ACPI: Dynamic OEM Table Load:
[    0.315869] ACPI: SSDT           (null) 00119 (v01  PmRef    ApCst 00003000 INTL 20061109)
[    0.319421] ACPI: Interpreter enabled
[    0.319521] ACPI Exception: AE_NOT_FOUND, While evaluating Sleep State [\_S1_] (20130517/hwxface-571)
[    0.319761] ACPI Exception: AE_NOT_FOUND, While evaluating Sleep State [\_S2_] (20130517/hwxface-571)
[    0.320008] ACPI: (supports S0 S3 S4 S5)
[    0.320104] ACPI: Using IOAPIC for interrupt routing
[    0.320224] PCI: Using host bridge windows from ACPI; if necessary, use "pci=nocrs" and report a bug
[    0.325580] ACPI: Power Resource [PUBS] (on)
[    0.326690] acpi PNP0C0A:01: ACPI dock station (docks/bays count: 1)
[    0.328705] acpi LNXIOBAY:00: ACPI dock station (docks/bays count: 2)
[    0.330491] ACPI: PCI Interrupt Link [LNKA] (IRQs 3 4 5 6 7 9 10 *11)
[    0.331079] ACPI: PCI Interrupt Link [LNKB] (IRQs 3 4 5 6 7 9 10 *11)
[    0.331648] ACPI: PCI Interrupt Link [LNKC] (IRQs 3 4 5 6 7 9 10 11) *0, disabled.
[    0.332360] ACPI: PCI Interrupt Link [LNKD] (IRQs 3 4 5 6 7 9 10 *11)
[    0.332945] ACPI: PCI Interrupt Link [LNKE] (IRQs 3 4 5 6 7 9 10 *11)
[    0.333533] ACPI: PCI Interrupt Link [LNKF] (IRQs 3 4 5 6 7 9 10 *11)
[    0.334105] ACPI: PCI Interrupt Link [LNKG] (IRQs 3 4 5 6 7 9 10 11) *0, disabled.
[    0.334820] ACPI: PCI Interrupt Link [LNKH] (IRQs 3 4 5 6 7 9 10 *11)
[    0.335359] ACPI: PCI Root Bridge [UNCR] (domain 0000 [bus ff])
[    0.335468] acpi PNP0A03:00: _OSC: OS supports [ExtendedConfig ASPM ClockPM Segments MSI]
[    0.335622] acpi PNP0A03:00: _OSC failed (AE_NOT_FOUND); disabling ASPM
[    0.335766] PCI host bridge to bus 0000:ff
[    0.335864] pci_bus 0000:ff: root bus resource [bus ff]
[    0.335969] pci 0000:ff:00.0: [8086:2c62] type 00 class 0x060000
[    0.336012] pci 0000:ff:00.1: [8086:2d01] type 00 class 0x060000
[    0.336050] pci 0000:ff:02.0: [8086:2d10] type 00 class 0x060000
[    0.336079] pci 0000:ff:02.1: [8086:2d11] type 00 class 0x060000
[    0.336109] pci 0000:ff:02.2: [8086:2d12] type 00 class 0x060000
[    0.336139] pci 0000:ff:02.3: [8086:2d13] type 00 class 0x060000
[    0.336192] ACPI: PCI Root Bridge [PCI0] (domain 0000 [bus 00-fe])
[    0.336298] acpi PNP0A08:00: _OSC: OS supports [ExtendedConfig ASPM ClockPM Segments MSI]
[    0.336596] acpi PNP0A08:00: _OSC: platform does not support [PCIeCapability]
[    0.336772] acpi PNP0A08:00: _OSC: not requesting control; platform does not support [PCIeCapability]
[    0.336927] acpi PNP0A08:00: _OSC: OS requested [PCIeHotplug PME AER PCIeCapability]
[    0.337079] acpi PNP0A08:00: _OSC: platform willing to grant [PCIeHotplug PME AER]
[    0.337230] acpi PNP0A08:00: _OSC failed (AE_SUPPORT); disabling ASPM
[    0.337479] PCI host bridge to bus 0000:00
[    0.337577] pci_bus 0000:00: root bus resource [bus 00-fe]
[    0.337679] pci_bus 0000:00: root bus resource [io  0x0000-0x0cf7]
[    0.337783] pci_bus 0000:00: root bus resource [io  0x0d00-0xffff]
[    0.337888] pci_bus 0000:00: root bus resource [mem 0x000a0000-0x000bffff]
[    0.337994] pci_bus 0000:00: root bus resource [mem 0x000d4000-0x000d7fff]
[    0.338103] pci_bus 0000:00: root bus resource [mem 0x000d8000-0x000dbfff]
[    0.338210] pci_bus 0000:00: root bus resource [mem 0xc0000000-0xfebfffff]
[    0.338320] pci 0000:00:00.0: [8086:0044] type 00 class 0x060000
[    0.338334] DMAR: BIOS has allocated no shadow GTT; disabling IOMMU for graphics
[    0.338528] pci 0000:00:02.0: [8086:0046] type 00 class 0x030000
[    0.338538] pci 0000:00:02.0: reg 0x10: [mem 0xf2000000-0xf23fffff 64bit]
[    0.338544] pci 0000:00:02.0: reg 0x18: [mem 0xd0000000-0xdfffffff 64bit pref]
[    0.338548] pci 0000:00:02.0: reg 0x20: [io  0x1800-0x1807]
[    0.338643] pci 0000:00:16.0: [8086:3b64] type 00 class 0x078000
[    0.338671] pci 0000:00:16.0: reg 0x10: [mem 0xf2827800-0xf282780f 64bit]
[    0.338762] pci 0000:00:16.0: PME# supported from D0 D3hot D3cold
[    0.338834] pci 0000:00:19.0: [8086:10ea] type 00 class 0x020000
[    0.338858] pci 0000:00:19.0: reg 0x10: [mem 0xf2600000-0xf261ffff]
[    0.338869] pci 0000:00:19.0: reg 0x14: [mem 0xf2625000-0xf2625fff]
[    0.338880] pci 0000:00:19.0: reg 0x18: [io  0x1820-0x183f]
[    0.338968] pci 0000:00:19.0: PME# supported from D0 D3hot D3cold
[    0.339001] pci 0000:00:19.0: System wakeup disabled by ACPI
[    0.339140] pci 0000:00:1a.0: [8086:3b3c] type 00 class 0x0c0320
[    0.339165] pci 0000:00:1a.0: reg 0x10: [mem 0xf2828000-0xf28283ff]
[    0.339274] pci 0000:00:1a.0: PME# supported from D0 D3hot D3cold
[    0.339307] pci 0000:00:1a.0: System wakeup disabled by ACPI
[    0.339445] pci 0000:00:1b.0: [8086:3b56] type 00 class 0x040300
[    0.339466] pci 0000:00:1b.0: reg 0x10: [mem 0xf2620000-0xf2623fff 64bit]
[    0.339573] pci 0000:00:1b.0: PME# supported from D0 D3hot D3cold
[    0.339613] pci 0000:00:1b.0: System wakeup disabled by ACPI
[    0.339745] pci 0000:00:1c.0: [8086:3b42] type 01 class 0x060400
[    0.339847] pci 0000:00:1c.0: PME# supported from D0 D3hot D3cold
[    0.339884] pci 0000:00:1c.0: System wakeup disabled by ACPI
[    0.340017] pci 0000:00:1c.1: [8086:3b44] type 01 class 0x060400
[    0.340121] pci 0000:00:1c.1: PME# supported from D0 D3hot D3cold
[    0.340157] pci 0000:00:1c.1: System wakeup disabled by ACPI
[    0.340289] pci 0000:00:1c.3: [8086:3b48] type 01 class 0x060400
[    0.340391] pci 0000:00:1c.3: PME# supported from D0 D3hot D3cold
[    0.340428] pci 0000:00:1c.3: System wakeup disabled by ACPI
[    0.340559] pci 0000:00:1c.4: [8086:3b4a] type 01 class 0x060400
[    0.340662] pci 0000:00:1c.4: PME# supported from D0 D3hot D3cold
[    0.340698] pci 0000:00:1c.4: System wakeup disabled by ACPI
[    0.340839] pci 0000:00:1d.0: [8086:3b34] type 00 class 0x0c0320
[    0.340864] pci 0000:00:1d.0: reg 0x10: [mem 0xf2828400-0xf28287ff]
[    0.340971] pci 0000:00:1d.0: PME# supported from D0 D3hot D3cold
[    0.341003] pci 0000:00:1d.0: System wakeup disabled by ACPI
[    0.341138] pci 0000:00:1e.0: [8086:2448] type 01 class 0x060401
[    0.341254] pci 0000:00:1f.0: [8086:3b07] type 00 class 0x060100
[    0.341410] pci 0000:00:1f.2: [8086:3b2f] type 00 class 0x010601
[    0.341436] pci 0000:00:1f.2: reg 0x10: [io  0x1860-0x1867]
[    0.341447] pci 0000:00:1f.2: reg 0x14: [io  0x1814-0x1817]
[    0.341458] pci 0000:00:1f.2: reg 0x18: [io  0x1818-0x181f]
[    0.341468] pci 0000:00:1f.2: reg 0x1c: [io  0x1810-0x1813]
[    0.341479] pci 0000:00:1f.2: reg 0x20: [io  0x1840-0x185f]
[    0.341489] pci 0000:00:1f.2: reg 0x24: [mem 0xf2827000-0xf28277ff]
[    0.341555] pci 0000:00:1f.2: PME# supported from D3hot
[    0.341610] pci 0000:00:1f.3: [8086:3b30] type 00 class 0x0c0500
[    0.341632] pci 0000:00:1f.3: reg 0x10: [mem 0xf2828800-0xf28288ff 64bit]
[    0.341660] pci 0000:00:1f.3: reg 0x20: [io  0x1880-0x189f]
[    0.341740] pci 0000:00:1f.6: [8086:3b32] type 00 class 0x118000
[    0.341768] pci 0000:00:1f.6: reg 0x10: [mem 0xf2626000-0xf2626fff 64bit]
[    0.341953] pci 0000:00:1c.0: PCI bridge to [bus 02]
[    0.342734] pci 0000:03:00.0: [8086:4238] type 00 class 0x028000
[    0.342772] pci 0000:03:00.0: reg 0x10: [mem 0xf2400000-0xf2401fff 64bit]
[    0.342974] pci 0000:03:00.0: PME# supported from D0 D3hot D3cold
[    0.345042] pci 0000:00:1c.1: PCI bridge to [bus 03]
[    0.345150] pci 0000:00:1c.1:   bridge window [mem 0xf2400000-0xf24fffff]
[    0.345236] acpiphp: Slot [1] registered
[    0.345336] pci 0000:00:1c.3: PCI bridge to [bus 05-0c]
[    0.345440] pci 0000:00:1c.3:   bridge window [io  0x2000-0x2fff]
[    0.345444] pci 0000:00:1c.3:   bridge window [mem 0xf0000000-0xf1ffffff]
[    0.345451] pci 0000:00:1c.3:   bridge window [mem 0xf2900000-0xf29fffff 64bit pref]
[    0.345584] pci 0000:0d:00.0: [1180:e822] type 00 class 0x080500
[    0.345601] pci 0000:0d:00.0: MMC controller base frequency changed to 50Mhz.
[    0.345776] pci 0000:0d:00.0: reg 0x10: [mem 0xf2500000-0xf25000ff]
[    0.345951] pci 0000:0d:00.0: supports D1 D2
[    0.345953] pci 0000:0d:00.0: PME# supported from D0 D1 D2 D3hot D3cold
[    0.346074] pci 0000:0d:00.1: [1180:e230] type 00 class 0x088000
[    0.346096] pci 0000:0d:00.1: reg 0x10: [mem 0xf2500400-0xf25004ff]
[    0.346263] pci 0000:0d:00.1: supports D1 D2
[    0.346265] pci 0000:0d:00.1: PME# supported from D0 D1 D2 D3hot D3cold
[    0.346379] pci 0000:0d:00.3: [1180:e832] type 00 class 0x0c0010
[    0.346402] pci 0000:0d:00.3: reg 0x10: [mem 0xf2500800-0xf2500fff]
[    0.346569] pci 0000:0d:00.3: supports D1 D2
[    0.346571] pci 0000:0d:00.3: PME# supported from D0 D1 D2 D3hot D3cold
[    0.349097] pci 0000:00:1c.4: PCI bridge to [bus 0d]
[    0.349207] pci 0000:00:1c.4:   bridge window [mem 0xf2500000-0xf25fffff]
[    0.349289] pci 0000:00:1e.0: PCI bridge to [bus 0e] (subtractive decode)
[    0.349405] pci 0000:00:1e.0:   bridge window [io  0x0000-0x0cf7] (subtractive decode)
[    0.349407] pci 0000:00:1e.0:   bridge window [io  0x0d00-0xffff] (subtractive decode)
[    0.349409] pci 0000:00:1e.0:   bridge window [mem 0x000a0000-0x000bffff] (subtractive decode)
[    0.349410] pci 0000:00:1e.0:   bridge window [mem 0x000d4000-0x000d7fff] (subtractive decode)
[    0.349412] pci 0000:00:1e.0:   bridge window [mem 0x000d8000-0x000dbfff] (subtractive decode)
[    0.349413] pci 0000:00:1e.0:   bridge window [mem 0xc0000000-0xfebfffff] (subtractive decode)
[    0.350756] ACPI: Enabled 3 GPEs in block 00 to 3F
[    0.350993] ACPI: EC: GPE = 0x11, I/O: command/status = 0x66, data = 0x62
[    0.351198] vgaarb: device added: PCI:0000:00:02.0,decodes=io+mem,owns=io+mem,locks=none
[    0.351354] vgaarb: loaded
[    0.351445] vgaarb: bridge control possible 0000:00:02.0
[    0.351621] SCSI subsystem initialized
[    0.351737] ACPI: bus type USB registered
[    0.351843] usbcore: registered new interface driver usbfs
[    0.351952] usbcore: registered new interface driver hub
[    0.352090] usbcore: registered new device driver usb
[    0.352273] PCI: Using ACPI for IRQ routing
[    0.362192] PCI: pci_cache_line_size set to 64 bytes
[    0.362355] e820: reserve RAM buffer [mem 0x0009e800-0x0009ffff]
[    0.362356] e820: reserve RAM buffer [mem 0xbb27c000-0xbbffffff]
[    0.362359] e820: reserve RAM buffer [mem 0xbb35f000-0xbbffffff]
[    0.362361] e820: reserve RAM buffer [mem 0xbb46f000-0xbbffffff]
[    0.362363] e820: reserve RAM buffer [mem 0xbb717000-0xbbffffff]
[    0.362365] e820: reserve RAM buffer [mem 0xbb76b000-0xbbffffff]
[    0.362367] e820: reserve RAM buffer [mem 0xbb800000-0xbbffffff]
[    0.362466] NetLabel: Initializing
[    0.362561] NetLabel:  domain hash size = 128
[    0.362658] NetLabel:  protocols = UNLABELED CIPSOv4
[    0.362769] NetLabel:  unlabeled traffic allowed by default
[    0.362923] hpet0: at MMIO 0xfed00000, IRQs 2, 8, 0, 0, 0, 0, 0, 0
[    0.363400] hpet0: 8 comparators, 64-bit 14.318180 MHz counter
[    0.365523] Switching to clocksource hpet
[    0.370667] pnp: PnP ACPI init
[    0.370778] ACPI: bus type PNP registered
[    0.372308] system 00:00: [mem 0x00000000-0x0009ffff] could not be reserved
[    0.372418] system 00:00: [mem 0x000c0000-0x000c3fff] could not be reserved
[    0.372525] system 00:00: [mem 0x000c4000-0x000c7fff] could not be reserved
[    0.372640] system 00:00: [mem 0x000c8000-0x000cbfff] has been reserved
[    0.372746] system 00:00: [mem 0x000cc000-0x000cffff] has been reserved
[    0.372852] system 00:00: [mem 0x000d0000-0x000d3fff] could not be reserved
[    0.372958] system 00:00: [mem 0x000dc000-0x000dffff] could not be reserved
[    0.373065] system 00:00: [mem 0x000e0000-0x000e3fff] could not be reserved
[    0.373172] system 00:00: [mem 0x000e4000-0x000e7fff] could not be reserved
[    0.373279] system 00:00: [mem 0x000e8000-0x000ebfff] could not be reserved
[    0.373387] system 00:00: [mem 0x000ec000-0x000effff] could not be reserved
[    0.373494] system 00:00: [mem 0x000f0000-0x000fffff] could not be reserved
[    0.373600] system 00:00: [mem 0x00100000-0xbfffffff] could not be reserved
[    0.373715] system 00:00: [mem 0xfec00000-0xfed3ffff] could not be reserved
[    0.373821] system 00:00: [mem 0xfed4c000-0xffffffff] could not be reserved
[    0.373930] system 00:00: Plug and Play ACPI device, IDs PNP0c01 (active)
[    0.374234] system 00:01: [io  0x164e-0x164f] has been reserved
[    0.374338] system 00:01: [io  0x1000-0x107f] could not be reserved
[    0.374443] system 00:01: [io  0x1180-0x11ff] has been reserved
[    0.374547] system 00:01: [io  0x0800-0x080f] has been reserved
[    0.374659] system 00:01: [io  0x15e0-0x15ef] has been reserved
[    0.374762] system 00:01: [io  0x1600-0x1641] has been reserved
[    0.374865] system 00:01: [io  0x1644-0x167f] could not be reserved
[    0.374970] system 00:01: [mem 0xe0000000-0xefffffff] has been reserved
[    0.375079] system 00:01: [mem 0xfeaff000-0xfeafffff] has been reserved
[    0.375184] system 00:01: [mem 0xfed1c000-0xfed1ffff] has been reserved
[    0.375291] system 00:01: [mem 0xfed10000-0xfed13fff] has been reserved
[    0.375396] system 00:01: [mem 0xfed18000-0xfed18fff] has been reserved
[    0.375502] system 00:01: [mem 0xfed19000-0xfed19fff] has been reserved
[    0.375609] system 00:01: [mem 0xfed45000-0xfed4bfff] has been reserved
[    0.375722] system 00:01: Plug and Play ACPI device, IDs PNP0c02 (active)
[    0.375762] pnp 00:02: Plug and Play ACPI device, IDs PNP0103 (active)
[    0.375771] pnp 00:03: [dma 4]
[    0.375782] pnp 00:03: Plug and Play ACPI device, IDs PNP0200 (active)
[    0.375800] pnp 00:04: Plug and Play ACPI device, IDs PNP0800 (active)
[    0.375827] pnp 00:05: Plug and Play ACPI device, IDs PNP0c04 (active)
[    0.375848] pnp 00:06: Plug and Play ACPI device, IDs PNP0b00 (active)
[    0.375870] pnp 00:07: Plug and Play ACPI device, IDs PNP0303 (active)
[    0.375892] pnp 00:08: Plug and Play ACPI device, IDs LEN0015 PNP0f13 (active)
[    0.376177] pnp 00:09: Plug and Play ACPI device, IDs SMO1200 PNP0c31 (active)
[    0.377064] pnp: PnP ACPI: found 10 devices
[    0.377162] ACPI: bus type PNP unregistered
[    0.383750] pci 0000:00:1c.0: PCI bridge to [bus 02]
[    0.383864] pci 0000:00:1c.1: PCI bridge to [bus 03]
[    0.383970] pci 0000:00:1c.1:   bridge window [mem 0xf2400000-0xf24fffff]
[    0.384085] pci 0000:00:1c.3: PCI bridge to [bus 05-0c]
[    0.384186] pci 0000:00:1c.3:   bridge window [io  0x2000-0x2fff]
[    0.384293] pci 0000:00:1c.3:   bridge window [mem 0xf0000000-0xf1ffffff]
[    0.384403] pci 0000:00:1c.3:   bridge window [mem 0xf2900000-0xf29fffff 64bit pref]
[    0.384559] pci 0000:00:1c.4: PCI bridge to [bus 0d]
[    0.384669] pci 0000:00:1c.4:   bridge window [mem 0xf2500000-0xf25fffff]
[    0.384783] pci 0000:00:1e.0: PCI bridge to [bus 0e]
[    0.384896] pci_bus 0000:00: resource 4 [io  0x0000-0x0cf7]
[    0.384897] pci_bus 0000:00: resource 5 [io  0x0d00-0xffff]
[    0.384899] pci_bus 0000:00: resource 6 [mem 0x000a0000-0x000bffff]
[    0.384900] pci_bus 0000:00: resource 7 [mem 0x000d4000-0x000d7fff]
[    0.384902] pci_bus 0000:00: resource 8 [mem 0x000d8000-0x000dbfff]
[    0.384903] pci_bus 0000:00: resource 9 [mem 0xc0000000-0xfebfffff]
[    0.384905] pci_bus 0000:03: resource 1 [mem 0xf2400000-0xf24fffff]
[    0.384907] pci_bus 0000:05: resource 0 [io  0x2000-0x2fff]
[    0.384908] pci_bus 0000:05: resource 1 [mem 0xf0000000-0xf1ffffff]
[    0.384910] pci_bus 0000:05: resource 2 [mem 0xf2900000-0xf29fffff 64bit pref]
[    0.384912] pci_bus 0000:0d: resource 1 [mem 0xf2500000-0xf25fffff]
[    0.384914] pci_bus 0000:0e: resource 4 [io  0x0000-0x0cf7]
[    0.384915] pci_bus 0000:0e: resource 5 [io  0x0d00-0xffff]
[    0.384917] pci_bus 0000:0e: resource 6 [mem 0x000a0000-0x000bffff]
[    0.384918] pci_bus 0000:0e: resource 7 [mem 0x000d4000-0x000d7fff]
[    0.384920] pci_bus 0000:0e: resource 8 [mem 0x000d8000-0x000dbfff]
[    0.384921] pci_bus 0000:0e: resource 9 [mem 0xc0000000-0xfebfffff]
[    0.384954] NET: Registered protocol family 2
[    0.385222] TCP established hash table entries: 65536 (order: 7, 524288 bytes)
[    0.385599] TCP bind hash table entries: 65536 (order: 8, 1048576 bytes)
[    0.385998] TCP: Hash tables configured (established 65536 bind 65536)
[    0.386136] TCP: reno registered
[    0.386241] UDP hash table entries: 4096 (order: 5, 131072 bytes)
[    0.386384] UDP-Lite hash table entries: 4096 (order: 5, 131072 bytes)
[    0.386579] NET: Registered protocol family 1
[    0.386717] pci 0000:00:02.0: Boot video device
[    0.387068] PCI: CLS 64 bytes, default 64
[    0.387130] Unpacking initramfs...
[    0.638501] Freeing initrd memory: 16708k freed
[    0.642471] PCI-DMA: Using software bounce buffering for IO (SWIOTLB)
[    0.642596] software IO TLB [mem 0xb727c000-0xbb27c000] (64MB) mapped at [ffff8800b727c000-ffff8800bb27bfff]
[    0.642816] Simple Boot Flag at 0x35 set to 0x80
[    0.643381] microcode: CPU0 sig=0x20655, pf=0x10, revision=0x4
[    0.643496] microcode: CPU1 sig=0x20655, pf=0x10, revision=0x4
[    0.643606] microcode: CPU2 sig=0x20655, pf=0x10, revision=0x4
[    0.643714] microcode: CPU3 sig=0x20655, pf=0x10, revision=0x4
[    0.643848] microcode: Microcode Update Driver: v2.00 <tigran@aivazian.fsnet.co.uk>, Peter Oruba
[    0.644259] futex hash table entries: 1024 (order: 4, 65536 bytes)
[    0.644390] Initialise system trusted keyring
[    0.644552] audit: initializing netlink socket (disabled)
[    0.644666] type=2000 audit(1427185893.457:1): initialized
[    0.665912] HugeTLB registered 2 MB page size, pre-allocated 0 pages
[    0.666932] zbud: loaded
[    0.667195] VFS: Disk quotas dquot_6.5.2
[    0.667319] Dquot-cache hash table entries: 512 (order 0, 4096 bytes)
[    0.667596] msgmni has been set to 11270
[    0.667738] Key type big_key registered
[    0.667834] SELinux:  Registering netfilter hooks
[    0.668690] alg: No test for stdrng (krng)
[    0.668796] NET: Registered protocol family 38
[    0.668898] Key type asymmetric registered
[    0.668996] Asymmetric key parser 'x509' registered
[    0.669122] Block layer SCSI generic (bsg) driver version 0.4 loaded (major 252)
[    0.669315] io scheduler noop registered
[    0.669414] io scheduler deadline registered (default)
[    0.669551] io scheduler cfq registered
[    0.670188] pci_hotplug: PCI Hot Plug PCI Core version: 0.5
[    0.670302] pciehp: PCI Express Hot Plug Controller Driver version: 0.4
[    0.670475] intel_idle: MWAIT substates: 0x1120
[    0.670476] intel_idle: v0.4 model 0x25
[    0.670477] intel_idle: lapic_timer_reliable_states 0xffffffff
[    0.671122] ACPI: AC Adapter [AC] (on-line)
[    0.671292] input: Lid Switch as /devices/LNXSYSTM:00/device:00/PNP0C0D:00/input/input0
[    0.671727] ACPI: Lid Switch [LID]
[    0.671886] input: Sleep Button as /devices/LNXSYSTM:00/device:00/PNP0C0E:00/input/input1
[    0.672086] ACPI: Sleep Button [SLPB]
[    0.672223] input: Power Button as /devices/LNXSYSTM:00/LNXPWRBN:00/input/input2
[    0.672371] ACPI: Power Button [PWRF]
[    0.672555] ACPI: Requesting acpi_cpufreq
[    0.675312] thermal LNXTHERM:00: registered as thermal_zone0
[    0.675416] ACPI: Thermal Zone [THM0] (48 C)
[    0.675565] GHES: HEST is not enabled!
[    0.675765] Serial: 8250/16550 driver, 4 ports, IRQ sharing enabled
[    0.676544] Non-volatile memory driver v1.3
[    0.676643] Linux agpgart interface v0.103
[    0.676806] agpgart-intel 0000:00:00.0: Intel HD Graphics Chipset
[    0.676999] agpgart-intel 0000:00:00.0: detected gtt size: 2097152K total, 262144K mappable
[    0.677915] agpgart-intel 0000:00:00.0: detected 32768K stolen memory
[    0.678245] agpgart-intel 0000:00:00.0: AGP aperture is 256M @ 0xd0000000
[    0.678580] tpm_tis 00:09: 1.2 TPM (device-id 0x0, rev-id 78)
[    0.690349] ACPI: Battery Slot [BAT0] (battery present)
[    0.714487] tpm_tis 00:09: TPM is disabled/deactivated (0x6)
[    0.714635] crash memory driver: version 1.1
[    0.714772] rdac: device handler registered
[    0.714911] hp_sw: device handler registered
[    0.715015] emc: device handler registered
[    0.715112] alua: device handler registered
[    0.715244] libphy: Fixed MDIO Bus: probed
[    0.715383] ehci_hcd: USB 2.0 'Enhanced' Host Controller (EHCI) Driver
[    0.715500] ehci-pci: EHCI PCI platform driver
[    0.715700] ehci-pci 0000:00:1a.0: EHCI Host Controller
[    0.715839] ehci-pci 0000:00:1a.0: new USB bus registered, assigned bus number 1
[    0.716003] ehci-pci 0000:00:1a.0: debug port 2
[    0.720021] ehci-pci 0000:00:1a.0: cache line size of 64 is not supported
[    0.720041] ehci-pci 0000:00:1a.0: irq 23, io mem 0xf2828000
[    0.725447] ehci-pci 0000:00:1a.0: USB 2.0 started, EHCI 1.00
[    0.725585] usb usb1: New USB device found, idVendor=1d6b, idProduct=0002
[    0.725691] usb usb1: New USB device strings: Mfr=3, Product=2, SerialNumber=1
[    0.725840] usb usb1: Product: EHCI Host Controller
[    0.725939] usb usb1: Manufacturer: Linux 3.10.0-229.el7.x86_64 ehci_hcd
[    0.726045] usb usb1: SerialNumber: 0000:00:1a.0
[    0.726234] hub 1-0:1.0: USB hub found
[    0.726335] hub 1-0:1.0: 3 ports detected
[    0.726612] ehci-pci 0000:00:1d.0: EHCI Host Controller
[    0.726752] ehci-pci 0000:00:1d.0: new USB bus registered, assigned bus number 2
[    0.726912] ehci-pci 0000:00:1d.0: debug port 2
[    0.730915] ehci-pci 0000:00:1d.0: cache line size of 64 is not supported
[    0.730937] ehci-pci 0000:00:1d.0: irq 19, io mem 0xf2828400
[    0.736442] ehci-pci 0000:00:1d.0: USB 2.0 started, EHCI 1.00
[    0.736581] usb usb2: New USB device found, idVendor=1d6b, idProduct=0002
[    0.736688] usb usb2: New USB device strings: Mfr=3, Product=2, SerialNumber=1
[    0.736836] usb usb2: Product: EHCI Host Controller
[    0.736935] usb usb2: Manufacturer: Linux 3.10.0-229.el7.x86_64 ehci_hcd
[    0.737041] usb usb2: SerialNumber: 0000:00:1d.0
[    0.737221] hub 2-0:1.0: USB hub found
[    0.737319] hub 2-0:1.0: 3 ports detected
[    0.737505] ohci_hcd: USB 1.1 'Open' Host Controller (OHCI) Driver
[    0.737615] ohci-pci: OHCI PCI platform driver
[    0.737720] uhci_hcd: USB Universal Host Controller Interface driver
[    0.737875] usbcore: registered new interface driver usbserial
[    0.737981] usbcore: registered new interface driver usbserial_generic
[    0.738090] usbserial: USB Serial support registered for generic
[    0.738225] i8042: PNP: PS/2 Controller [PNP0303:KBD,PNP0f13:MOU] at 0x60,0x64 irq 1,12
[    0.741927] serio: i8042 KBD port at 0x60,0x64 irq 1
[    0.742031] serio: i8042 AUX port at 0x60,0x64 irq 12
[    0.742223] mousedev: PS/2 mouse device common for all mice
[    0.742527] rtc_cmos 00:06: RTC can wake from S4
[    0.742763] rtc_cmos 00:06: rtc core: registered rtc_cmos as rtc0
[    0.742898] rtc_cmos 00:06: alarms up to one month, y3k, 114 bytes nvram, hpet irqs
[    0.743151] cpuidle: using governor menu
[    0.743471] hidraw: raw HID events driver (C) Jiri Kosina
[    0.743652] usbcore: registered new interface driver usbhid
[    0.743760] usbhid: USB HID core driver
[    0.743914] drop_monitor: Initializing network drop monitor service
[    0.744113] TCP: cubic registered
[    0.744208] Initializing XFRM netlink socket
[    0.744378] NET: Registered protocol family 10
[    0.744627] NET: Registered protocol family 17
[    0.745026] Loading compiled-in X.509 certificates
[    0.745705] Loaded X.509 cert 'Red Hat Enterprise Linux Driver Update Program (key 3): bf57f3e87362bc7229d9f465321773dfd1f77a80'
[    0.746360] input: AT Translated Set 2 keyboard as /devices/platform/i8042/serio0/input/input3
[    0.746608] Loaded X.509 cert 'Red Hat Enterprise Linux kpatch signing key: 4d38fd864ebe18c5f0b72e3852e2014c3a676fc8'
[    0.747263] Loaded X.509 cert 'Red Hat Enterprise Linux kernel signing key: a3cb8cc319504ab52cfb76baf8d8a2a739689c56'
[    0.747456] registered taskstats version 1
[    0.749521] Key type trusted registered
[    0.752587] Key type encrypted registered
[    0.760513] tpm_tis 00:09: A TPM error (6) occurred attempting to read a pcr value
[    0.760666] IMA: No TPM chip found, activating TPM-bypass!
[    0.761613] rtc_cmos 00:06: setting system clock to 2015-03-24 08:31:34 UTC (1427185894)
[    0.762517] Freeing unused kernel memory: 1604k freed
[    0.768220] systemd[1]: systemd 208 running in system mode. (+PAM +LIBWRAP +AUDIT +SELINUX +IMA +SYSVINIT +LIBCRYPTSETUP +GCRYPT +ACL +XZ)
[    0.768746] systemd[1]: Running in initial RAM disk.
[    0.769526] systemd[1]: Set hostname to <astar>.
[    0.820929] systemd[1]: Expecting device dev-mapper-vg_dhcp2120\x2droot.device...
[    0.821467] systemd[1]: Starting -.slice.
[    0.822201] systemd[1]: Created slice -.slice.
[    0.822398] systemd[1]: Starting System Slice.
[    0.822991] systemd[1]: Created slice System Slice.
[    0.823237] systemd[1]: Starting Slices.
[    0.823762] systemd[1]: Reached target Slices.
[    0.823931] systemd[1]: Starting Timers.
[    0.824474] systemd[1]: Reached target Timers.
[    0.824650] systemd[1]: Starting Dispatch Password Requests to Console Directory Watch.
[    0.824869] systemd[1]: Started Dispatch Password Requests to Console Directory Watch.
[    0.825083] systemd[1]: Starting Paths.
[    0.825564] systemd[1]: Reached target Paths.
[    0.825736] systemd[1]: Starting udev Kernel Socket.
[    0.826237] systemd[1]: Listening on udev Kernel Socket.
[    0.826487] systemd[1]: Starting udev Control Socket.
[    0.826997] systemd[1]: Listening on udev Control Socket.
[    0.827174] systemd[1]: Starting Journal Socket.
[    0.827728] systemd[1]: Listening on Journal Socket.
[    0.827987] systemd[1]: Started dracut ask for additional cmdline parameters.
[    0.828563] systemd[1]: Starting dracut cmdline hook...
[    0.829269] systemd[1]: Starting Create list of required static device nodes for the current kernel...
[    0.830447] systemd[1]: Started Load Kernel Modules.
[    0.830590] systemd[1]: Starting Apply Kernel Variables...
[    0.831340] systemd[1]: Starting Sockets.
[    0.831832] systemd[1]: Reached target Sockets.
[    0.831993] systemd[1]: Starting Journal Service...
[    0.833210] systemd[1]: Started Journal Service.
[    1.028362] usb 1-1: new high-speed USB device number 2 using ehci-pci
[    1.029429] device-mapper: uevent: version 1.0.3
[    1.029615] device-mapper: ioctl: 4.29.0-ioctl (2014-10-28) initialised: dm-devel@redhat.com
[    1.071103] systemd-udevd[253]: starting version 208
[    1.113356] pps_core: LinuxPPS API ver. 1 registered
[    1.113471] pps_core: Software ver. 5.3.6 - Copyright 2005-2007 Rodolfo Giometti <giometti@linux.it>
[    1.115128] PTP clock support registered
[    1.124044] libata version 3.00 loaded.
[    1.124274] e1000e: Intel(R) PRO/1000 Network Driver - 2.3.2-k
[    1.124382] e1000e: Copyright(c) 1999 - 2014 Intel Corporation.
[    1.124844] e1000e 0000:00:19.0: Interrupt Throttling Rate (ints/sec) set to dynamic conservative mode
[    1.125036] e1000e 0000:00:19.0: irq 40 for MSI/MSI-X
[    1.143231] usb 1-1: New USB device found, idVendor=8087, idProduct=0020
[    1.143232] usb 1-1: New USB device strings: Mfr=0, Product=0, SerialNumber=0
[    1.143516] hub 1-1:1.0: USB hub found
[    1.143590] hub 1-1:1.0: 6 ports detected
[    1.173297] firewire_ohci 0000:0d:00.3: added OHCI v1.10 device as card 0, 4 IR + 4 IT contexts, quirks 0x11
[    1.204228] psmouse serio1: alps: Unknown ALPS touchpad: E7=10 00 64, EC=10 00 64
[    1.246215] usb 2-1: new high-speed USB device number 2 using ehci-pci
[    1.308366] e1000e 0000:00:19.0 eth0: (PCI Express:2.5GT/s:Width x1) f0:de:f1:17:63:0f
[    1.308521] e1000e 0000:00:19.0 eth0: Intel(R) PRO/1000 Network Connection
[    1.308701] e1000e 0000:00:19.0 eth0: MAC: 9, PHY: 10, PBA No: A002FF-0FF
[    1.308845] ahci 0000:00:1f.2: version 3.0
[    1.309171] ahci 0000:00:1f.2: irq 41 for MSI/MSI-X
[    1.309215] ahci: SSS flag set, parallel bus scan disabled
[    1.309372] ahci 0000:00:1f.2: AHCI 0001.0300 32 slots 6 ports 3 Gbps 0x33 impl SATA mode
[    1.309525] ahci 0000:00:1f.2: flags: 64bit ncq sntf ilck stag pm led clo pmp pio slum part ems sxs apst 
[    1.315893] scsi host0: ahci
[    1.316542] scsi host1: ahci
[    1.317018] scsi host2: ahci
[    1.317374] scsi host3: ahci
[    1.317657] scsi host4: ahci
[    1.317951] scsi host5: ahci
[    1.318095] ata1: SATA max UDMA/133 abar m2048@0xf2827000 port 0xf2827100 irq 41
[    1.318281] ata2: SATA max UDMA/133 abar m2048@0xf2827000 port 0xf2827180 irq 41
[    1.318446] ata3: DUMMY
[    1.318536] ata4: DUMMY
[    1.318627] ata5: SATA max UDMA/133 abar m2048@0xf2827000 port 0xf2827300 irq 41
[    1.318776] ata6: SATA max UDMA/133 abar m2048@0xf2827000 port 0xf2827380 irq 41
[    1.321288] systemd-udevd[256]: renamed network interface eth0 to enp0s25
[    1.360975] usb 2-1: New USB device found, idVendor=8087, idProduct=0020
[    1.361098] usb 2-1: New USB device strings: Mfr=0, Product=0, SerialNumber=0
[    1.361599] hub 2-1:1.0: USB hub found
[    1.361941] hub 2-1:1.0: 8 ports detected
[    1.437275] usb 1-1.1: new low-speed USB device number 3 using ehci-pci
[    1.517209] usb 1-1.1: New USB device found, idVendor=046d, idProduct=c069
[    1.517314] usb 1-1.1: New USB device strings: Mfr=1, Product=2, SerialNumber=0
[    1.517445] usb 1-1.1: Product: USB Laser Mouse
[    1.517531] usb 1-1.1: Manufacturer: Logitech
[    1.522859] input: Logitech USB Laser Mouse as /devices/pci0000:00/0000:00:1a.0/usb1/1-1/1-1.1/1-1.1:1.0/input/input4
[    1.523338] hid-generic 0003:046D:C069.0001: input,hidraw0: USB HID v1.10 Mouse [Logitech USB Laser Mouse] on usb-0000:00:1a.0-1.1/input0
[    1.563009] psmouse serio1: trackpoint: IBM TrackPoint firmware: 0x0e, buttons: 3/3
[    1.580641] input: TPPS/2 IBM TrackPoint as /devices/platform/i8042/serio1/input/input5
[    1.596100] usb 1-1.2: new low-speed USB device number 4 using ehci-pci
[    1.645000] tsc: Refined TSC clocksource calibration: 2526.999 MHz
[    1.645105] Switching to clocksource tsc
[    1.674080] firewire_core 0000:0d:00.3: created device fw0: GUID f0def1ff17630fff, S400
[    1.694879] usb 1-1.2: New USB device found, idVendor=046a, idProduct=0011
[    1.694993] usb 1-1.2: New USB device strings: Mfr=0, Product=0, SerialNumber=0
[    1.706223] input: HID 046a:0011 as /devices/pci0000:00/0000:00:1a.0/usb1/1-1/1-1.2/1-1.2:1.0/input/input6
[    1.706630] hid-generic 0003:046A:0011.0002: input,hidraw1: USB HID v1.11 Keyboard [HID 046a:0011] on usb-0000:00:1a.0-1.2/input0
[    1.777911] ata1: SATA link up 3.0 Gbps (SStatus 123 SControl 300)
[    1.779262] ata1.00: ACPI cmd ef/02:00:00:00:00:a0 (SET FEATURES) succeeded
[    1.779270] ata1.00: ACPI cmd f5/00:00:00:00:00:a0 (SECURITY FREEZE LOCK) filtered out
[    1.779419] ata1.00: ACPI cmd ef/10:03:00:00:00:a0 (SET FEATURES) filtered out
[    1.780046] usb 1-1.4: new full-speed USB device number 5 using ehci-pci
[    1.824648] ata1.00: ATA-8: ST9320423AS, 0003LVM1, max UDMA/100
[    1.824746] ata1.00: 625142448 sectors, multi 16: LBA48 NCQ (depth 31/32)
[    1.827011] ata1.00: ACPI cmd ef/02:00:00:00:00:a0 (SET FEATURES) succeeded
[    1.827017] ata1.00: ACPI cmd f5/00:00:00:00:00:a0 (SECURITY FREEZE LOCK) filtered out
[    1.827164] ata1.00: ACPI cmd ef/10:03:00:00:00:a0 (SET FEATURES) filtered out
[    1.829099] ata1.00: configured for UDMA/100
[    1.829483] scsi 0:0:0:0: Direct-Access     ATA      ST9320423AS      0003 PQ: 0 ANSI: 5
[    1.869733] usb 1-1.4: New USB device found, idVendor=0a5c, idProduct=217f
[    1.869852] usb 1-1.4: New USB device strings: Mfr=1, Product=2, SerialNumber=3
[    1.869989] usb 1-1.4: Product: Broadcom Bluetooth Device
[    1.870088] usb 1-1.4: Manufacturer: Broadcom Corp
[    1.870182] usb 1-1.4: SerialNumber: 70F3954A9548
[    1.943945] usb 1-1.5: new high-speed USB device number 6 using ehci-pci
[    2.029399] usb 1-1.5: New USB device found, idVendor=17ef, idProduct=100a
[    2.029501] usb 1-1.5: New USB device strings: Mfr=0, Product=0, SerialNumber=0
[    2.029905] hub 1-1.5:1.0: USB hub found
[    2.030097] hub 1-1.5:1.0: 6 ports detected
[    2.105002] usb 1-1.6: new high-speed USB device number 7 using ehci-pci
[    2.195685] usb 1-1.6: New USB device found, idVendor=17ef, idProduct=480f
[    2.195786] usb 1-1.6: New USB device strings: Mfr=1, Product=2, SerialNumber=0
[    2.195919] usb 1-1.6: Product: Integrated Camera
[    2.196010] usb 1-1.6: Manufacturer: Chicony Electronics Co., Ltd.
[    2.289647] ata2: SATA link up 1.5 Gbps (SStatus 113 SControl 300)
[    2.293387] ata2.00: ACPI cmd e3/00:1f:00:00:00:a0 (IDLE) succeeded
[    2.293621] ata2.00: ACPI cmd e3/00:02:00:00:00:a0 (IDLE) succeeded
[    2.296253] ata2.00: ATAPI: HL-DT-ST DVDRAM GU40N, QX20, max UDMA/133
[    2.799946] ata2.00: ACPI cmd e3/00:1f:00:00:00:a0 (IDLE) succeeded
[    2.800202] ata2.00: ACPI cmd e3/00:02:00:00:00:a0 (IDLE) succeeded
[    2.802884] ata2.00: configured for UDMA/133
[    2.804816] scsi 1:0:0:0: CD-ROM            HL-DT-ST DVDRAM GU40N     QX20 PQ: 0 ANSI: 5
[    3.120203] ata5: SATA link down (SStatus 0 SControl 300)
[    3.425021] ata6: SATA link down (SStatus 0 SControl 300)
[    3.437525] sd 0:0:0:0: [sda] 625142448 512-byte logical blocks: (320 GB/298 GiB)
[    3.437742] sd 0:0:0:0: [sda] Write Protect is off
[    3.437839] sd 0:0:0:0: [sda] Mode Sense: 00 3a 00 00
[    3.437859] sd 0:0:0:0: [sda] Write cache: enabled, read cache: enabled, doesn't support DPO or FUA
[    3.448550] sr 1:0:0:0: [sr0] scsi3-mmc drive: 24x/24x writer dvd-ram cd/rw xa/form2 cdda tray
[    3.448700] cdrom: Uniform CD-ROM driver Revision: 3.20
[    3.449003] sr 1:0:0:0: Attached scsi CD-ROM sr0
[    3.487467]  sda: sda1 sda2
[    3.488355] sd 0:0:0:0: [sda] Attached SCSI disk
[    4.435639] EXT4-fs (dm-0): mounted filesystem with ordered data mode. Opts: (null)
[    4.765054] systemd-journald[111]: Received SIGTERM
[    6.128106] type=1404 audit(1427185899.868:2): enforcing=1 old_enforcing=0 auid=4294967295 ses=4294967295
[    6.439472] SELinux: 2048 avtab hash slots, 104383 rules.
[    6.475408] SELinux: 2048 avtab hash slots, 104383 rules.
[    6.532113] SELinux:  8 users, 102 roles, 4975 types, 295 bools, 1 sens, 1024 cats
[    6.532120] SELinux:  83 classes, 104383 rules
[    6.542532] SELinux:  Completing initialization.
[    6.542538] SELinux:  Setting up existing superblocks.
[    6.542552] SELinux: initialized (dev sysfs, type sysfs), uses genfs_contexts
[    6.542560] SELinux: initialized (dev rootfs, type rootfs), uses genfs_contexts
[    6.542565] SELinux: initialized (dev bdev, type bdev), uses genfs_contexts
[    6.542575] SELinux: initialized (dev proc, type proc), uses genfs_contexts
[    6.542662] SELinux: initialized (dev tmpfs, type tmpfs), uses transition SIDs
[    6.542684] SELinux: initialized (dev devtmpfs, type devtmpfs), uses transition SIDs
[    6.543671] SELinux: initialized (dev sockfs, type sockfs), uses task SIDs
[    6.543678] SELinux: initialized (dev debugfs, type debugfs), uses genfs_contexts
[    6.544863] SELinux: initialized (dev pipefs, type pipefs), uses task SIDs
[    6.544876] SELinux: initialized (dev anon_inodefs, type anon_inodefs), uses genfs_contexts
[    6.544881] SELinux: initialized (dev aio, type aio), not configured for labeling
[    6.544886] SELinux: initialized (dev devpts, type devpts), uses transition SIDs
[    6.544910] SELinux: initialized (dev hugetlbfs, type hugetlbfs), uses transition SIDs
[    6.544921] SELinux: initialized (dev mqueue, type mqueue), uses transition SIDs
[    6.544934] SELinux: initialized (dev selinuxfs, type selinuxfs), uses genfs_contexts
[    6.544953] SELinux: initialized (dev securityfs, type securityfs), uses genfs_contexts
[    6.544961] SELinux: initialized (dev sysfs, type sysfs), uses genfs_contexts
[    6.545476] SELinux: initialized (dev tmpfs, type tmpfs), uses transition SIDs
[    6.545487] SELinux: initialized (dev tmpfs, type tmpfs), uses transition SIDs
[    6.545612] SELinux: initialized (dev tmpfs, type tmpfs), uses transition SIDs
[    6.545659] SELinux: initialized (dev cgroup, type cgroup), uses genfs_contexts
[    6.545671] SELinux: initialized (dev pstore, type pstore), uses genfs_contexts
[    6.545674] SELinux: initialized (dev cgroup, type cgroup), uses genfs_contexts
[    6.545683] SELinux: initialized (dev cgroup, type cgroup), uses genfs_contexts
[    6.545690] SELinux: initialized (dev cgroup, type cgroup), uses genfs_contexts
[    6.545702] SELinux: initialized (dev cgroup, type cgroup), uses genfs_contexts
[    6.545709] SELinux: initialized (dev cgroup, type cgroup), uses genfs_contexts
[    6.545715] SELinux: initialized (dev cgroup, type cgroup), uses genfs_contexts
[    6.545720] SELinux: initialized (dev cgroup, type cgroup), uses genfs_contexts
[    6.545731] SELinux: initialized (dev cgroup, type cgroup), uses genfs_contexts
[    6.545737] SELinux: initialized (dev cgroup, type cgroup), uses genfs_contexts
[    6.545745] SELinux: initialized (dev configfs, type configfs), uses genfs_contexts
[    6.545759] SELinux: initialized (dev dm-0, type ext4), uses xattr
[    6.559868] type=1403 audit(1427185900.300:3): policy loaded auid=4294967295 ses=4294967295
[    6.666109] systemd[1]: Successfully loaded SELinux policy in 589.574ms.
[    6.822253] systemd[1]: Relabelled /dev and /run in 17.603ms.
[    9.585372] SELinux: initialized (dev autofs, type autofs), uses genfs_contexts
[   10.252072] SELinux: initialized (dev hugetlbfs, type hugetlbfs), uses transition SIDs
[   10.303966] device-mapper: multipath: version 1.7.0 loaded
[   11.103170] EXT4-fs (dm-0): re-mounted. Opts: (null)
[   12.424371] systemd-udevd[546]: starting version 208
[   12.432684] RPC: Registered named UNIX socket transport module.
[   12.432790] RPC: Registered udp transport module.
[   12.432884] RPC: Registered tcp transport module.
[   12.432986] RPC: Registered tcp NFSv4.1 backchannel transport module.
[   12.448873] Installing knfsd (copyright (C) 1996 okir@monad.swb.de).
[   12.449336] SELinux: initialized (dev nfsd, type nfsd), uses genfs_contexts
[   12.619567] type=1400 audit(1427185906.363:4): avc:  denied  { write } for  pid=553 comm="plymouthd" name="run" dev="dm-0" ino=918395 scontext=system_u:system_r:plymouthd_t:s0 tcontext=system_u:object_r:var_t:s0 tclass=dir
[   13.263270] wmi: Mapper loaded
[   13.282927] thinkpad_acpi: ThinkPad ACPI Extras v0.25
[   13.283027] thinkpad_acpi: http://ibm-acpi.sf.net/
[   13.283118] thinkpad_acpi: ThinkPad BIOS 6IET72WW (1.32 ), EC 6IHT37WW-1.12
[   13.283218] thinkpad_acpi: Lenovo ThinkPad T410, model 2537CT4
[   13.284196] thinkpad_acpi: detected a 8-level brightness capable ThinkPad
[   13.284452] thinkpad_acpi: radio switch found; radios are enabled
[   13.284665] thinkpad_acpi: This ThinkPad has standard ACPI backlight brightness control, supported by the ACPI video driver
[   13.284815] thinkpad_acpi: Disabling thinkpad-acpi brightness events by default...
[   13.287306] thinkpad_acpi: rfkill switch tpacpi_bluetooth_sw: radio is unblocked
[   13.290262] thinkpad_acpi: Standard ACPI backlight interface available, not loading native one
[   13.290637] thinkpad_acpi: Console audio control enabled, mode: monitor (read only)
[   13.292349] input: ThinkPad Extra Buttons as /devices/platform/thinkpad_acpi/input/input7
[   13.296806] [drm] Initialized drm 1.1.0 20060810
[   13.299804] shpchp: Standard Hot Plug PCI Controller Driver version: 0.4
[   13.302931] mei_me 0000:00:16.0: irq 42 for MSI/MSI-X
[   13.310758] sdhci: Secure Digital Host Controller Interface driver
[   13.310864] sdhci: Copyright(c) Pierre Ossman
[   13.323830] sdhci-pci 0000:0d:00.0: SDHCI controller found [1180:e822] (rev 1)
[   13.324238] sdhci-pci 0000:0d:00.0: Will use DMA mode even though HW doesn't fully claim to support it.
[   13.325925] mmc0: SDHCI controller on PCI [0000:0d:00.0] using DMA
[   13.333782] Intel(R) Wireless WiFi driver for Linux, in-tree:
[   13.333879] Copyright(c) 2003- 2014 Intel Corporation
[   13.334129] iwlwifi 0000:03:00.0: can't disable ASPM; OS doesn't have ASPM control
[   13.334327] iwlwifi 0000:03:00.0: irq 43 for MSI/MSI-X
[   13.335202] cfg80211: Calling CRDA to update world regulatory domain
[   13.341119] ACPI Warning: SystemIO range 0x0000000000001028-0x000000000000102f conflicts with OpRegion 0x0000000000001000-0x000000000000107f (\_SB_.PCI0.LPC_.PMIO) (20130517/utaddress-254)
[   13.341429] ACPI: If an ACPI driver is available for this device, you should use it instead of the native driver
[   13.341595] ACPI Warning: SystemIO range 0x00000000000011c0-0x00000000000011cf conflicts with OpRegion 0x0000000000001180-0x00000000000011ff (\_SB_.PCI0.LPC_.LPIO) (20130517/utaddress-254)
[   13.341892] ACPI: If an ACPI driver is available for this device, you should use it instead of the native driver
[   13.342051] ACPI Warning: SystemIO range 0x00000000000011b0-0x00000000000011bf conflicts with OpRegion 0x0000000000001180-0x00000000000011ff (\_SB_.PCI0.LPC_.LPIO) (20130517/utaddress-254)
[   13.342355] ACPI: If an ACPI driver is available for this device, you should use it instead of the native driver
[   13.342520] ACPI Warning: SystemIO range 0x0000000000001180-0x00000000000011af conflicts with OpRegion 0x0000000000001180-0x00000000000011ff (\_SB_.PCI0.LPC_.LPIO) (20130517/utaddress-254)
[   13.342823] ACPI: If an ACPI driver is available for this device, you should use it instead of the native driver
[   13.342979] lpc_ich: Resource conflict(s) found affecting gpio_ich
[   13.343944] i801_smbus 0000:00:1f.3: SMBus using PCI Interrupt
[   13.344156] intel ips 0000:00:1f.6: CPU TDP doesn't match expected value (found 25, expected 29)
[   13.344399] intel ips 0000:00:1f.6: failed to get i915 symbols, graphics turbo disabled until i915 loads
[   13.344785] input: PC Speaker as /devices/platform/pcspkr/input/input8
[   13.352534] intel ips 0000:00:1f.6: IPS driver initialized, MCP temp limit 90
[   13.352896] SELinux: initialized (dev drm, type drm), not configured for labeling
[   13.354302] [drm] Memory usable by graphics device = 2048M
[   13.354406] [drm] Replacing VGA console driver
[   13.355340] Console: switching to colour dummy device 80x25
[   13.398583] i915 0000:00:02.0: irq 44 for MSI/MSI-X
[   13.398598] [drm] Supports vblank timestamp caching Rev 2 (21.10.2013).
[   13.398605] [drm] Driver supports precise vblank timestamp query.
[   13.399047] vgaarb: device changed decodes: PCI:0000:00:02.0,olddecodes=io+mem,decodes=io+mem:owns=io+mem
[   13.416570] alg: No test for __gcm-aes-aesni (__driver-gcm-aes-aesni)
[   13.435168] alg: No test for crc32 (crc32-pclmul)
[   13.475529] kvm: VM_EXIT_LOAD_IA32_PERF_GLOBAL_CTRL does not work properly. Using workaround
[   13.507676] ppdev: user-space parallel port driver
[   13.512386] [drm] GMBUS [i915 gmbus dpb] timed out, falling back to bit banging on pin 5
[   13.569457] iwlwifi 0000:03:00.0: loaded firmware version 9.221.4.1 build 25532 op_mode iwldvm
[   13.589546] fbcon: inteldrmfb (fb0) is primary device
[   13.761201] Bluetooth: Core ver 2.16
[   13.761222] NET: Registered protocol family 31
[   13.761222] Bluetooth: HCI device and connection manager initialized
[   13.761240] Bluetooth: HCI socket layer initialized
[   13.761241] Bluetooth: L2CAP socket layer initialized
[   13.761247] Bluetooth: SCO socket layer initialized
[   13.781953] usbcore: registered new interface driver btusb
[   14.011031] cfg80211: World regulatory domain updated:
[   14.011033] cfg80211:  DFS Master region: unset
[   14.011033] cfg80211:   (start_freq - end_freq @ bandwidth), (max_antenna_gain, max_eirp), (dfs_cac_time)
[   14.011034] cfg80211:   (2402000 KHz - 2472000 KHz @ 40000 KHz), (N/A, 2000 mBm), (N/A)
[   14.011035] cfg80211:   (2457000 KHz - 2482000 KHz @ 40000 KHz), (N/A, 2000 mBm), (N/A)
[   14.011036] cfg80211:   (2474000 KHz - 2494000 KHz @ 20000 KHz), (N/A, 2000 mBm), (N/A)
[   14.011037] cfg80211:   (5170000 KHz - 5250000 KHz @ 160000 KHz), (N/A, 2000 mBm), (N/A)
[   14.011038] cfg80211:   (5250000 KHz - 5330000 KHz @ 160000 KHz), (N/A, 2000 mBm), (0 s)
[   14.011039] cfg80211:   (5490000 KHz - 5730000 KHz @ 160000 KHz), (N/A, 2000 mBm), (0 s)
[   14.011039] cfg80211:   (5735000 KHz - 5835000 KHz @ 80000 KHz), (N/A, 2000 mBm), (N/A)
[   14.011040] cfg80211:   (57240000 KHz - 63720000 KHz @ 2160000 KHz), (N/A, 0 mBm), (N/A)
[   14.140676] Console: switching to colour frame buffer device 180x56
[   14.144023] i915 0000:00:02.0: fb0: inteldrmfb frame buffer device
[   14.144047] i915 0000:00:02.0: registered panic notifier
[   14.154186] iTCO_vendor_support: vendor-support=0
[   14.155094] iTCO_wdt: Intel TCO WatchDog Timer Driver v1.11
[   14.155157] iTCO_wdt: Found a QM57 TCO device (Version=2, TCOBASE=0x1060)
[   14.155286] iTCO_wdt: initialized. heartbeat=30 sec (nowayout=0)
[   14.162068] acpi device:02: registered as cooling_device5
[   14.163764] ACPI: Video Device [VID] (multi-head: yes  rom: no  post: no)
[   14.163839] input: Video Bus as /devices/LNXSYSTM:00/device:00/PNP0A08:00/LNXVIDEO:00/input/input9
[   14.164032] [drm] Initialized i915 1.6.0 20080730 for 0000:00:02.0 on minor 0
[   14.164486] snd_hda_intel 0000:00:1b.0: irq 45 for MSI/MSI-X
[   14.178063] iwlwifi 0000:03:00.0: CONFIG_IWLWIFI_DEBUG disabled
[   14.178120] iwlwifi 0000:03:00.0: CONFIG_IWLWIFI_DEBUGFS enabled
[   14.179932] iwlwifi 0000:03:00.0: CONFIG_IWLWIFI_DEVICE_TRACING disabled
[   14.181653] iwlwifi 0000:03:00.0: Detected Intel(R) Centrino(R) Ultimate-N 6300 AGN, REV=0x74
[   14.183412] iwlwifi 0000:03:00.0: L1 Enabled - LTR Disabled
[   14.185613] sound hdaudioC0D0: CX20585: BIOS auto-probing.
[   14.188560] sound hdaudioC0D0: autoconfig: line_outs=1 (0x1f/0x0/0x0/0x0/0x0) type:speaker
[   14.190805] sound hdaudioC0D0:    speaker_outs=0 (0x0/0x0/0x0/0x0/0x0)
[   14.193028] sound hdaudioC0D0:    hp_outs=2 (0x1c/0x19/0x0/0x0/0x0)
[   14.195182] sound hdaudioC0D0:    mono: mono_out=0x0
[   14.196636] sound hdaudioC0D0:    inputs:
[   14.198096] sound hdaudioC0D0:      Mic=0x1b
[   14.199793] sound hdaudioC0D0:      Internal Mic=0x23
[   14.201355] sound hdaudioC0D0:      Dock Mic=0x1a
[   14.203757] sound hdaudioC0D0: Enable sync_write for stable communication
[   14.203900] ieee80211 phy0: Selected rate control algorithm 'iwl-agn-rs'
[   14.216069] input: HDA Intel MID Mic as /devices/pci0000:00/0000:00:1b.0/sound/card0/input10
[   14.217424] input: HDA Intel MID Dock Mic as /devices/pci0000:00/0000:00:1b.0/sound/card0/input11
[   14.218710] input: HDA Intel MID Dock Headphone as /devices/pci0000:00/0000:00:1b.0/sound/card0/input12
[   14.220005] input: HDA Intel MID Headphone as /devices/pci0000:00/0000:00:1b.0/sound/card0/input13
[   14.221301] input: HDA Intel MID HDMI/DP,pcm=3 as /devices/pci0000:00/0000:00:1b.0/sound/card0/input14
[   14.222602] input: HDA Intel MID HDMI/DP,pcm=7 as /devices/pci0000:00/0000:00:1b.0/sound/card0/input15
[   14.223960] input: HDA Intel MID HDMI/DP,pcm=8 as /devices/pci0000:00/0000:00:1b.0/sound/card0/input16
[   14.495795] cfg80211: Calling CRDA for country: CZ
[   14.506921] Linux video capture interface: v2.00
[   14.513882] uvcvideo: Found UVC 1.00 device Integrated Camera (17ef:480f)
[   14.516751] input: Integrated Camera as /devices/pci0000:00/0000:00:1a.0/usb1/1-1/1-1.6/1-1.6:1.0/input/input17
[   14.517440] cfg80211: Regulatory domain changed to country: CZ
[   14.517442] cfg80211:  DFS Master region: unset
[   14.517442] cfg80211:   (start_freq - end_freq @ bandwidth), (max_antenna_gain, max_eirp), (dfs_cac_time)
[   14.517445] cfg80211:   (2400000 KHz - 2483500 KHz @ 40000 KHz), (N/A, 2000 mBm), (N/A)
[   14.517446] cfg80211:   (5150000 KHz - 5250000 KHz @ 80000 KHz), (N/A, 2301 mBm), (N/A)
[   14.517448] cfg80211:   (5250000 KHz - 5350000 KHz @ 80000 KHz), (N/A, 2000 mBm), (0 s)
[   14.517449] cfg80211:   (5470000 KHz - 5725000 KHz @ 80000 KHz), (N/A, 2698 mBm), (0 s)
[   14.517450] cfg80211:   (57240000 KHz - 65880000 KHz @ 2160000 KHz), (N/A, 4000 mBm), (N/A)
[   14.527703] usbcore: registered new interface driver uvcvideo
[   14.529069] USB Video Class driver (1.1.1)
[   14.727019] systemd-udevd[561]: renamed network interface wlan0 to wlp3s0
[   15.620460] Adding 5931004k swap on /dev/mapper/vg_dhcp2120-lv_swap.  Priority:-1 extents:1 across:5931004k FS
[   18.549793] intel ips 0000:00:1f.6: i915 driver attached, reenabling gpu turbo
[   19.658769] EXT4-fs (dm-4): mounted filesystem with ordered data mode. Opts: (null)
[   19.660114] SELinux: initialized (dev dm-4, type ext4), uses xattr
[   19.755370] SELinux: initialized (dev rpc_pipefs, type rpc_pipefs), uses genfs_contexts
[   20.913952] EXT4-fs (dm-2): mounted filesystem with ordered data mode. Opts: (null)
[   20.915363] SELinux: initialized (dev dm-2, type ext4), uses xattr
[   30.008132] ip_tables: (C) 2000-2006 Netfilter Core Team
[   30.030423] nf_conntrack version 0.5.0 (16384 buckets, 65536 max)
[   30.042969] ip6_tables: (C) 2000-2006 Netfilter Core Team
[   30.070392] Ebtables v2.0 registered
[   30.081372] Bridge firewalling registered
[   30.116891] Bluetooth: BNEP (Ethernet Emulation) ver 1.3
[   30.118101] Bluetooth: BNEP filters: protocol multicast
[   30.119107] Bluetooth: BNEP socket layer initialized
[   30.785567] IPv6: ADDRCONF(NETDEV_UP): enp0s25: link is not ready
[   30.787117] Bluetooth: RFCOMM TTY layer initialized
[   30.788080] Bluetooth: RFCOMM socket layer initialized
[   30.789038] Bluetooth: RFCOMM ver 1.11
[   30.899354] e1000e 0000:00:19.0: irq 40 for MSI/MSI-X
[   30.999770] e1000e 0000:00:19.0: irq 40 for MSI/MSI-X
[   30.999923] IPv6: ADDRCONF(NETDEV_UP): enp0s25: link is not ready
[   31.008801] IPv6: ADDRCONF(NETDEV_UP): wlp3s0: link is not ready
[   31.010144] iwlwifi 0000:03:00.0: L1 Enabled - LTR Disabled
[   31.011324] iwlwifi 0000:03:00.0: Radio type=0x0-0x3-0x1
[   31.227466] iwlwifi 0000:03:00.0: L1 Enabled - LTR Disabled
[   31.228631] iwlwifi 0000:03:00.0: Radio type=0x0-0x3-0x1
[   31.339385] IPv6: ADDRCONF(NETDEV_UP): wlp3s0: link is not ready
[   32.030962] IPv6: ADDRCONF(NETDEV_UP): wlp3s0: link is not ready
[   34.082496] e1000e: enp0s25 NIC Link is Up 1000 Mbps Full Duplex, Flow Control: Rx
[   34.084376] IPv6: ADDRCONF(NETDEV_CHANGE): enp0s25: link becomes ready
[   44.114927] SELinux: initialized (dev mqueue, type mqueue), uses transition SIDs
[   44.114998] SELinux: initialized (dev proc, type proc), uses genfs_contexts
[   44.132388] SELinux: initialized (dev mqueue, type mqueue), uses transition SIDs
[   44.144270] SELinux: initialized (dev proc, type proc), uses genfs_contexts
[   44.209805] tun: Universal TUN/TAP device driver, 1.6
[   44.211168] tun: (C) 1999-2004 Max Krasnyansky <maxk@qualcomm.com>
[   44.271606] device virbr0-nic entered promiscuous mode
[   44.438728] virbr0: port 1(virbr0-nic) entered listening state
[   44.439863] virbr0: port 1(virbr0-nic) entered listening state
[   44.441170] IPv6: ADDRCONF(NETDEV_UP): virbr0: link is not ready
[   44.636654] virbr0: port 1(virbr0-nic) entered disabled state
[  100.791803] FS-Cache: Loaded
[  100.823409] FS-Cache: Netfs 'nfs' registered for caching
[  100.844124] Key type dns_resolver registered
[  100.868024] NFS: Registering the id_resolver key type
[  100.869168] Key type id_resolver registered
[  100.870297] Key type id_legacy registered
[  101.261502] SELinux: initialized (dev 0:37, type nfs4), uses genfs_contexts
[  101.474573] SELinux: initialized (dev 0:37, type nfs), uses genfs_contexts
[  101.494889] systemd-journald[488]: Received request to flush runtime journal from PID 1
[  121.122220] IPv6: ADDRCONF(NETDEV_UP): wlp3s0: link is not ready
[  121.130449] IPv6: ADDRCONF(NETDEV_UP): wlp3s0: link is not ready
[  121.138263] IPv6: ADDRCONF(NETDEV_UP): wlp3s0: link is not ready
[  122.530823] fuse init (API version 7.22)
[  122.535247] SELinux: initialized (dev fuse, type fuse), uses genfs_contexts
[  122.553226] SELinux: initialized (dev fusectl, type fusectl), uses genfs_contexts
[  251.860618] IPv6: ADDRCONF(NETDEV_UP): wlp3s0: link is not ready
[  371.826772] IPv6: ADDRCONF(NETDEV_UP): wlp3s0: link is not ready
[  491.794701] IPv6: ADDRCONF(NETDEV_UP): wlp3s0: link is not ready
[  775.913368] perf interrupt took too long (2515 > 2500), lowering kernel.perf_event_max_sample_rate to 50000
[ 3096.953271] device vnet0 entered promiscuous mode
[ 3096.970224] virbr0: port 2(vnet0) entered listening state
[ 3096.970244] virbr0: port 2(vnet0) entered listening state
[ 3098.969817] virbr0: port 2(vnet0) entered learning state
[ 3100.972656] virbr0: topology change detected, propagating
[ 3100.972669] virbr0: port 2(vnet0) entered forwarding state
[ 3100.972705] IPv6: ADDRCONF(NETDEV_CHANGE): virbr0: link becomes ready
[ 3108.427338] kvm [4675]: vcpu0 disabled perfctr wrmsr: 0xc1 data 0xffff
[ 3108.492484] kvm: zapping shadow pages for mmio generation wraparound
[ 3226.143418] device vnet1 entered promiscuous mode
[ 3226.157673] virbr0: port 3(vnet1) entered listening state
[ 3226.157699] virbr0: port 3(vnet1) entered listening state
[ 3226.300648] qemu-kvm: sending ioctl 5326 to a partition!
[ 3226.300664] qemu-kvm: sending ioctl 80200204 to a partition!
[ 3228.161299] virbr0: port 3(vnet1) entered learning state
[ 3230.164173] virbr0: topology change detected, propagating
[ 3230.164183] virbr0: port 3(vnet1) entered forwarding state
[ 3234.478704] kvm [4976]: vcpu0 disabled perfctr wrmsr: 0xc1 data 0xffff
[ 3234.574940] kvm: zapping shadow pages for mmio generation wraparound
[ 3321.520250] perf interrupt took too long (5512 > 5000), lowering kernel.perf_event_max_sample_rate to 25000
[16112.205871] loop: module loaded
[16115.379841] IPv6: ADDRCONF(NETDEV_UP): docker0: link is not ready
[19414.484174] EXT4-fs (dm-8): mounted filesystem with ordered data mode. Opts: discard
[19414.484187] SELinux: initialized (dev dm-8, type ext4), uses xattr
[19415.799872] EXT4-fs (dm-8): mounted filesystem with ordered data mode. Opts: discard
[19415.800359] SELinux: initialized (dev dm-8, type ext4), uses mountpoint labeling
[19416.202371] EXT4-fs (dm-8): mounted filesystem with ordered data mode. Opts: discard
[19416.202462] SELinux: initialized (dev dm-8, type ext4), uses mountpoint labeling
[19416.246904] EXT4-fs (dm-9): mounted filesystem with ordered data mode. Opts: discard
[19416.246917] SELinux: initialized (dev dm-9, type ext4), uses xattr
[19418.332880] EXT4-fs (dm-9): mounted filesystem with ordered data mode. Opts: discard
[19418.332897] SELinux: initialized (dev dm-9, type ext4), uses xattr
[19424.338243] EXT4-fs (dm-8): mounted filesystem with ordered data mode. Opts: discard
[19424.338260] SELinux: initialized (dev dm-8, type ext4), uses xattr
[19425.310664] EXT4-fs (dm-8): mounted filesystem with ordered data mode. Opts: discard
[19425.311236] SELinux: initialized (dev dm-8, type ext4), uses mountpoint labeling
[19425.542664] EXT4-fs (dm-8): mounted filesystem with ordered data mode. Opts: discard
[19425.542781] SELinux: initialized (dev dm-8, type ext4), uses mountpoint labeling
[19425.571721] EXT4-fs (dm-9): mounted filesystem with ordered data mode. Opts: discard
[19425.571734] SELinux: initialized (dev dm-9, type ext4), uses xattr
[19427.414270] EXT4-fs (dm-9): mounted filesystem with ordered data mode. Opts: discard
[19427.414286] SELinux: initialized (dev dm-9, type ext4), uses xattr
[19431.027830] EXT4-fs (dm-8): mounted filesystem with ordered data mode. Opts: discard
[19431.027850] SELinux: initialized (dev dm-8, type ext4), uses xattr
[19432.004749] EXT4-fs (dm-8): mounted filesystem with ordered data mode. Opts: discard
[19432.005303] SELinux: initialized (dev dm-8, type ext4), uses mountpoint labeling
[19432.231994] EXT4-fs (dm-8): mounted filesystem with ordered data mode. Opts: discard
[19432.232102] SELinux: initialized (dev dm-8, type ext4), uses mountpoint labeling
[19432.270499] SELinux: initialized (dev tmpfs, type tmpfs), uses mountpoint labeling
[19432.576280] SELinux: initialized (dev mqueue, type mqueue), uses transition SIDs
[19432.577414] SELinux: initialized (dev proc, type proc), uses genfs_contexts
[19433.279906] device vetheaab842 entered promiscuous mode
[19433.280252] IPv6: ADDRCONF(NETDEV_UP): vetheaab842: link is not ready
[19433.280258] docker0: port 1(vetheaab842) entered forwarding state
[19433.280269] docker0: port 1(vetheaab842) entered forwarding state
[19433.280482] docker0: port 1(vetheaab842) entered disabled state
[19433.316788] IPv6: ADDRCONF(NETDEV_CHANGE): vetheaab842: link becomes ready
[19433.316833] docker0: port 1(vetheaab842) entered forwarding state
[19433.316845] docker0: port 1(vetheaab842) entered forwarding state
[19433.316862] IPv6: ADDRCONF(NETDEV_CHANGE): docker0: link becomes ready
[19433.318424] SELinux: initialized (dev tmpfs, type tmpfs), uses mountpoint labeling
[19433.318484] SELinux: initialized (dev tmpfs, type tmpfs), uses mountpoint labeling
[19433.318598] SELinux: initialized (dev devpts, type devpts), uses mountpoint labeling
[19433.318632] SELinux: initialized (dev sysfs, type sysfs), uses genfs_contexts
[19438.339209] EXT4-fs (dm-9): mounted filesystem with ordered data mode. Opts: discard
[19438.339225] SELinux: initialized (dev dm-9, type ext4), uses xattr
[19438.430228] docker0: port 1(vetheaab842) entered disabled state
[19438.432808] device vetheaab842 left promiscuous mode
[19438.432834] docker0: port 1(vetheaab842) entered disabled state
[19440.231517] EXT4-fs (dm-9): mounted filesystem with ordered data mode. Opts: discard
[19440.231530] SELinux: initialized (dev dm-9, type ext4), uses xattr
[19444.447330] EXT4-fs (dm-8): mounted filesystem with ordered data mode. Opts: discard
[19444.447347] SELinux: initialized (dev dm-8, type ext4), uses xattr
[19445.394890] EXT4-fs (dm-8): mounted filesystem with ordered data mode. Opts: discard
[19445.395481] SELinux: initialized (dev dm-8, type ext4), uses mountpoint labeling
[19445.624482] EXT4-fs (dm-8): mounted filesystem with ordered data mode. Opts: discard
[19445.624609] SELinux: initialized (dev dm-8, type ext4), uses mountpoint labeling
[19445.631580] SELinux: initialized (dev tmpfs, type tmpfs), uses mountpoint labeling
[19445.639772] SELinux: initialized (dev mqueue, type mqueue), uses transition SIDs
[19445.641018] SELinux: initialized (dev proc, type proc), uses genfs_contexts
[19445.667218] device veth920815a entered promiscuous mode
[19445.667506] IPv6: ADDRCONF(NETDEV_UP): veth920815a: link is not ready
[19445.708231] IPv6: ADDRCONF(NETDEV_CHANGE): veth920815a: link becomes ready
[19445.708367] docker0: port 1(veth920815a) entered forwarding state
[19445.708391] docker0: port 1(veth920815a) entered forwarding state
[19445.712378] SELinux: initialized (dev tmpfs, type tmpfs), uses mountpoint labeling
[19445.712506] SELinux: initialized (dev tmpfs, type tmpfs), uses mountpoint labeling
[19445.712735] SELinux: initialized (dev devpts, type devpts), uses mountpoint labeling
[19445.712811] SELinux: initialized (dev sysfs, type sysfs), uses genfs_contexts
[19460.705739] docker0: port 1(veth920815a) entered forwarding state
[19489.301623] type=1400 audit(1427205393.158:5): avc:  denied  { setattr } for  pid=14321 comm="yum" name="/" dev="proc" ino=1 scontext=system_u:system_r:svirt_lxc_net_t:s0:c377,c771 tcontext=system_u:object_r:proc_t:s0 tclass=dir
[19489.301636] type=1400 audit(1427205393.158:6): avc:  denied  { setattr } for  pid=14321 comm="yum" name="/" dev="proc" ino=1 scontext=system_u:system_r:svirt_lxc_net_t:s0:c377,c771 tcontext=system_u:object_r:proc_t:s0 tclass=dir
[19489.301644] type=1400 audit(1427205393.158:7): avc:  denied  { setattr } for  pid=14321 comm="yum" name="/" dev="proc" ino=1 scontext=system_u:system_r:svirt_lxc_net_t:s0:c377,c771 tcontext=system_u:object_r:proc_t:s0 tclass=dir
[20493.290431] docker0: port 1(veth920815a) entered disabled state
[20493.292200] device veth920815a left promiscuous mode
[20493.292222] docker0: port 1(veth920815a) entered disabled state
[20494.778751] EXT4-fs (dm-9): mounted filesystem with ordered data mode. Opts: discard
[20494.778764] SELinux: initialized (dev dm-9, type ext4), uses xattr
[20498.595238] EXT4-fs (dm-9): mounted filesystem with ordered data mode. Opts: discard
[20498.595252] SELinux: initialized (dev dm-9, type ext4), uses xattr
[20552.934461] EXT4-fs (dm-8): mounted filesystem with ordered data mode. Opts: discard
[20552.934476] SELinux: initialized (dev dm-8, type ext4), uses xattr
[20554.005902] EXT4-fs (dm-8): mounted filesystem with ordered data mode. Opts: discard
[20554.006482] SELinux: initialized (dev dm-8, type ext4), uses mountpoint labeling
[20554.229624] EXT4-fs (dm-8): mounted filesystem with ordered data mode. Opts: discard
[20554.229738] SELinux: initialized (dev dm-8, type ext4), uses mountpoint labeling
[20554.328849] SELinux: initialized (dev tmpfs, type tmpfs), uses mountpoint labeling
[20554.369992] SELinux: initialized (dev mqueue, type mqueue), uses transition SIDs
[20554.371800] SELinux: initialized (dev proc, type proc), uses genfs_contexts
[20554.816388] device veth58f501b entered promiscuous mode
[20554.816645] IPv6: ADDRCONF(NETDEV_UP): veth58f501b: link is not ready
[20554.850900] IPv6: ADDRCONF(NETDEV_CHANGE): veth58f501b: link becomes ready
[20554.850935] docker0: port 1(veth58f501b) entered forwarding state
[20554.850946] docker0: port 1(veth58f501b) entered forwarding state
[20554.852410] SELinux: initialized (dev tmpfs, type tmpfs), uses mountpoint labeling
[20554.852490] SELinux: initialized (dev tmpfs, type tmpfs), uses mountpoint labeling
[20554.852592] SELinux: initialized (dev devpts, type devpts), uses mountpoint labeling
[20554.852627] SELinux: initialized (dev sysfs, type sysfs), uses genfs_contexts
[20555.575837] docker0: port 1(veth58f501b) entered disabled state
[20555.577378] device veth58f501b left promiscuous mode
[20555.577396] docker0: port 1(veth58f501b) entered disabled state
[20555.889258] EXT4-fs (dm-9): mounted filesystem with ordered data mode. Opts: discard
[20555.889274] SELinux: initialized (dev dm-9, type ext4), uses xattr
[20558.846596] EXT4-fs (dm-9): mounted filesystem with ordered data mode. Opts: discard
[20558.846614] SELinux: initialized (dev dm-9, type ext4), uses xattr
[20564.485956] EXT4-fs (dm-8): mounted filesystem with ordered data mode. Opts: discard
[20564.485974] SELinux: initialized (dev dm-8, type ext4), uses xattr
[20565.338159] EXT4-fs (dm-8): mounted filesystem with ordered data mode. Opts: discard
[20565.338759] SELinux: initialized (dev dm-8, type ext4), uses mountpoint labeling
[20565.527644] EXT4-fs (dm-8): mounted filesystem with ordered data mode. Opts: discard
[20565.527791] SELinux: initialized (dev dm-8, type ext4), uses mountpoint labeling
[20565.543630] SELinux: initialized (dev tmpfs, type tmpfs), uses mountpoint labeling
[20565.550186] SELinux: initialized (dev mqueue, type mqueue), uses transition SIDs
[20565.551327] SELinux: initialized (dev proc, type proc), uses genfs_contexts
[20565.585747] device veth1a1420b entered promiscuous mode
[20565.586373] IPv6: ADDRCONF(NETDEV_UP): veth1a1420b: link is not ready
[20565.628939] IPv6: ADDRCONF(NETDEV_CHANGE): veth1a1420b: link becomes ready
[20565.628981] docker0: port 1(veth1a1420b) entered forwarding state
[20565.628999] docker0: port 1(veth1a1420b) entered forwarding state
[20565.631356] SELinux: initialized (dev tmpfs, type tmpfs), uses mountpoint labeling
[20565.631581] SELinux: initialized (dev tmpfs, type tmpfs), uses mountpoint labeling
[20565.631656] SELinux: initialized (dev devpts, type devpts), uses mountpoint labeling
[20565.631689] SELinux: initialized (dev sysfs, type sysfs), uses genfs_contexts
[20565.697738] docker0: port 1(veth1a1420b) entered disabled state
[20565.700313] device veth1a1420b left promiscuous mode
[20565.700340] docker0: port 1(veth1a1420b) entered disabled state
[20565.742902] EXT4-fs (dm-9): mounted filesystem with ordered data mode. Opts: discard
[20565.742916] SELinux: initialized (dev dm-9, type ext4), uses xattr
[20568.456782] EXT4-fs (dm-9): mounted filesystem with ordered data mode. Opts: discard
[20568.456798] SELinux: initialized (dev dm-9, type ext4), uses xattr
[20572.827873] EXT4-fs (dm-8): mounted filesystem with ordered data mode. Opts: discard
[20572.827893] SELinux: initialized (dev dm-8, type ext4), uses xattr
[20573.824651] EXT4-fs (dm-8): mounted filesystem with ordered data mode. Opts: discard
[20573.825166] SELinux: initialized (dev dm-8, type ext4), uses mountpoint labeling
[20574.051791] EXT4-fs (dm-8): mounted filesystem with ordered data mode. Opts: discard
[20574.051901] SELinux: initialized (dev dm-8, type ext4), uses mountpoint labeling
[20574.056007] SELinux: initialized (dev tmpfs, type tmpfs), uses mountpoint labeling
[20574.060703] SELinux: initialized (dev mqueue, type mqueue), uses transition SIDs
[20574.063227] SELinux: initialized (dev proc, type proc), uses genfs_contexts
[20574.100560] device veth566c26e entered promiscuous mode
[20574.101144] IPv6: ADDRCONF(NETDEV_UP): veth566c26e: link is not ready
[20574.138912] IPv6: ADDRCONF(NETDEV_CHANGE): veth566c26e: link becomes ready
[20574.138953] docker0: port 1(veth566c26e) entered forwarding state
[20574.138968] docker0: port 1(veth566c26e) entered forwarding state
[20574.143000] SELinux: initialized (dev tmpfs, type tmpfs), uses mountpoint labeling
[20574.143115] SELinux: initialized (dev tmpfs, type tmpfs), uses mountpoint labeling
[20574.143401] SELinux: initialized (dev devpts, type devpts), uses mountpoint labeling
[20574.143468] SELinux: initialized (dev sysfs, type sysfs), uses genfs_contexts
[20574.215119] docker0: port 1(veth566c26e) entered disabled state
[20574.216690] device veth566c26e left promiscuous mode
[20574.216711] docker0: port 1(veth566c26e) entered disabled state
[20574.249969] EXT4-fs (dm-9): mounted filesystem with ordered data mode. Opts: discard
[20574.249984] SELinux: initialized (dev dm-9, type ext4), uses xattr
[20577.159020] EXT4-fs (dm-9): mounted filesystem with ordered data mode. Opts: discard
[20577.159038] SELinux: initialized (dev dm-9, type ext4), uses xattr
[20581.301391] EXT4-fs (dm-8): mounted filesystem with ordered data mode. Opts: discard
[20581.301409] SELinux: initialized (dev dm-8, type ext4), uses xattr
[20582.225006] EXT4-fs (dm-8): mounted filesystem with ordered data mode. Opts: discard
[20582.225646] SELinux: initialized (dev dm-8, type ext4), uses mountpoint labeling
[20582.439186] EXT4-fs (dm-8): mounted filesystem with ordered data mode. Opts: discard
[20582.439301] SELinux: initialized (dev dm-8, type ext4), uses mountpoint labeling
[20582.446250] SELinux: initialized (dev tmpfs, type tmpfs), uses mountpoint labeling
[20582.453222] SELinux: initialized (dev mqueue, type mqueue), uses transition SIDs
[20582.455225] SELinux: initialized (dev proc, type proc), uses genfs_contexts
[20582.506005] device vetha4943a6 entered promiscuous mode
[20582.508135] IPv6: ADDRCONF(NETDEV_UP): vetha4943a6: link is not ready
[20582.546808] IPv6: ADDRCONF(NETDEV_CHANGE): vetha4943a6: link becomes ready
[20582.546868] docker0: port 1(vetha4943a6) entered forwarding state
[20582.546891] docker0: port 1(vetha4943a6) entered forwarding state
[20582.549175] SELinux: initialized (dev tmpfs, type tmpfs), uses mountpoint labeling
[20582.549282] SELinux: initialized (dev tmpfs, type tmpfs), uses mountpoint labeling
[20582.549411] SELinux: initialized (dev devpts, type devpts), uses mountpoint labeling
[20582.549462] SELinux: initialized (dev sysfs, type sysfs), uses genfs_contexts
[20582.599514] docker0: port 1(vetha4943a6) entered disabled state
[20582.601434] device vetha4943a6 left promiscuous mode
[20582.601447] docker0: port 1(vetha4943a6) entered disabled state
[20582.633357] EXT4-fs (dm-9): mounted filesystem with ordered data mode. Opts: discard
[20582.633372] SELinux: initialized (dev dm-9, type ext4), uses xattr
[20585.294845] EXT4-fs (dm-9): mounted filesystem with ordered data mode. Opts: discard
[20585.294863] SELinux: initialized (dev dm-9, type ext4), uses xattr
[20589.364466] EXT4-fs (dm-8): mounted filesystem with ordered data mode. Opts: discard
[20589.364484] SELinux: initialized (dev dm-8, type ext4), uses xattr
[20590.422006] EXT4-fs (dm-8): mounted filesystem with ordered data mode. Opts: discard
[20590.422643] SELinux: initialized (dev dm-8, type ext4), uses mountpoint labeling
[20590.638538] EXT4-fs (dm-8): mounted filesystem with ordered data mode. Opts: discard
[20590.638659] SELinux: initialized (dev dm-8, type ext4), uses mountpoint labeling
[20590.647117] SELinux: initialized (dev tmpfs, type tmpfs), uses mountpoint labeling
[20590.650944] SELinux: initialized (dev mqueue, type mqueue), uses transition SIDs
[20590.654153] SELinux: initialized (dev proc, type proc), uses genfs_contexts
[20590.679283] device vethe25481e entered promiscuous mode
[20590.679854] IPv6: ADDRCONF(NETDEV_UP): vethe25481e: link is not ready
[20590.717900] IPv6: ADDRCONF(NETDEV_CHANGE): vethe25481e: link becomes ready
[20590.717948] docker0: port 1(vethe25481e) entered forwarding state
[20590.717981] docker0: port 1(vethe25481e) entered forwarding state
[20590.721035] SELinux: initialized (dev tmpfs, type tmpfs), uses mountpoint labeling
[20590.721104] SELinux: initialized (dev tmpfs, type tmpfs), uses mountpoint labeling
[20590.721181] SELinux: initialized (dev devpts, type devpts), uses mountpoint labeling
[20590.721215] SELinux: initialized (dev sysfs, type sysfs), uses genfs_contexts
[20590.791036] docker0: port 1(vethe25481e) entered disabled state
[20590.793452] device vethe25481e left promiscuous mode
[20590.793467] docker0: port 1(vethe25481e) entered disabled state
[20590.838607] EXT4-fs (dm-9): mounted filesystem with ordered data mode. Opts: discard
[20590.838620] SELinux: initialized (dev dm-9, type ext4), uses xattr
[20593.535874] EXT4-fs (dm-9): mounted filesystem with ordered data mode. Opts: discard
[20593.535892] SELinux: initialized (dev dm-9, type ext4), uses xattr
[20597.842251] EXT4-fs (dm-8): mounted filesystem with ordered data mode. Opts: discard
[20597.842270] SELinux: initialized (dev dm-8, type ext4), uses xattr
[20599.607818] EXT4-fs (dm-8): mounted filesystem with ordered data mode. Opts: discard
[20599.608433] SELinux: initialized (dev dm-8, type ext4), uses mountpoint labeling
[20599.818068] EXT4-fs (dm-8): mounted filesystem with ordered data mode. Opts: discard
[20599.818185] SELinux: initialized (dev dm-8, type ext4), uses mountpoint labeling
[20599.822055] SELinux: initialized (dev tmpfs, type tmpfs), uses mountpoint labeling
[20599.841781] SELinux: initialized (dev mqueue, type mqueue), uses transition SIDs
[20599.842742] SELinux: initialized (dev proc, type proc), uses genfs_contexts
[20599.886929] device veth5975147 entered promiscuous mode
[20599.887344] IPv6: ADDRCONF(NETDEV_UP): veth5975147: link is not ready
[20599.909686] IPv6: ADDRCONF(NETDEV_CHANGE): veth5975147: link becomes ready
[20599.909732] docker0: port 1(veth5975147) entered forwarding state
[20599.909753] docker0: port 1(veth5975147) entered forwarding state
[20599.912929] SELinux: initialized (dev tmpfs, type tmpfs), uses mountpoint labeling
[20599.913075] SELinux: initialized (dev tmpfs, type tmpfs), uses mountpoint labeling
[20599.913246] SELinux: initialized (dev devpts, type devpts), uses mountpoint labeling
[20599.913325] SELinux: initialized (dev sysfs, type sysfs), uses genfs_contexts
[20599.968419] docker0: port 1(veth5975147) entered disabled state
[20599.970429] device veth5975147 left promiscuous mode
[20599.970451] docker0: port 1(veth5975147) entered disabled state
[20600.015522] EXT4-fs (dm-9): mounted filesystem with ordered data mode. Opts: discard
[20600.015540] SELinux: initialized (dev dm-9, type ext4), uses xattr
[20602.666088] EXT4-fs (dm-9): mounted filesystem with ordered data mode. Opts: discard
[20602.666105] SELinux: initialized (dev dm-9, type ext4), uses xattr
[20606.845042] EXT4-fs (dm-8): mounted filesystem with ordered data mode. Opts: discard
[20606.845057] SELinux: initialized (dev dm-8, type ext4), uses xattr
[20607.689612] EXT4-fs (dm-8): mounted filesystem with ordered data mode. Opts: discard
[20607.690206] SELinux: initialized (dev dm-8, type ext4), uses mountpoint labeling
[20607.899748] EXT4-fs (dm-8): mounted filesystem with ordered data mode. Opts: discard
[20607.899913] SELinux: initialized (dev dm-8, type ext4), uses mountpoint labeling
[20607.908339] SELinux: initialized (dev tmpfs, type tmpfs), uses mountpoint labeling
[20607.913249] SELinux: initialized (dev mqueue, type mqueue), uses transition SIDs
[20607.914161] SELinux: initialized (dev proc, type proc), uses genfs_contexts
[20607.935514] device veth474b655 entered promiscuous mode
[20607.936041] IPv6: ADDRCONF(NETDEV_UP): veth474b655: link is not ready
[20607.967197] IPv6: ADDRCONF(NETDEV_CHANGE): veth474b655: link becomes ready
[20607.967239] docker0: port 1(veth474b655) entered forwarding state
[20607.967255] docker0: port 1(veth474b655) entered forwarding state
[20607.969224] SELinux: initialized (dev tmpfs, type tmpfs), uses mountpoint labeling
[20607.969326] SELinux: initialized (dev tmpfs, type tmpfs), uses mountpoint labeling
[20607.969457] SELinux: initialized (dev devpts, type devpts), uses mountpoint labeling
[20607.969503] SELinux: initialized (dev sysfs, type sysfs), uses genfs_contexts
[20609.309231] EXT4-fs (dm-9): mounted filesystem with ordered data mode. Opts: discard
[20609.309244] SELinux: initialized (dev dm-9, type ext4), uses xattr
[20609.346056] docker0: port 1(veth474b655) entered disabled state
[20609.347456] device veth474b655 left promiscuous mode
[20609.347469] docker0: port 1(veth474b655) entered disabled state
[20612.057484] EXT4-fs (dm-9): mounted filesystem with ordered data mode. Opts: discard
[20612.057502] SELinux: initialized (dev dm-9, type ext4), uses xattr
[20616.095486] EXT4-fs (dm-8): mounted filesystem with ordered data mode. Opts: discard
[20616.095502] SELinux: initialized (dev dm-8, type ext4), uses xattr
[20617.200150] EXT4-fs (dm-8): mounted filesystem with ordered data mode. Opts: discard
[20617.200800] SELinux: initialized (dev dm-8, type ext4), uses mountpoint labeling
[20617.410423] EXT4-fs (dm-8): mounted filesystem with ordered data mode. Opts: discard
[20617.410570] SELinux: initialized (dev dm-8, type ext4), uses mountpoint labeling
[20617.497231] EXT4-fs (dm-9): mounted filesystem with ordered data mode. Opts: discard
[20617.497247] SELinux: initialized (dev dm-9, type ext4), uses xattr
[20620.117512] EXT4-fs (dm-9): mounted filesystem with ordered data mode. Opts: discard
[20620.117531] SELinux: initialized (dev dm-9, type ext4), uses xattr
[20624.291471] EXT4-fs (dm-8): mounted filesystem with ordered data mode. Opts: discard
[20624.291489] SELinux: initialized (dev dm-8, type ext4), uses xattr
[20625.394576] EXT4-fs (dm-8): mounted filesystem with ordered data mode. Opts: discard
[20625.395094] SELinux: initialized (dev dm-8, type ext4), uses mountpoint labeling
[20625.611039] EXT4-fs (dm-8): mounted filesystem with ordered data mode. Opts: discard
[20625.611218] SELinux: initialized (dev dm-8, type ext4), uses mountpoint labeling
[20625.690181] EXT4-fs (dm-9): mounted filesystem with ordered data mode. Opts: discard
[20625.690196] SELinux: initialized (dev dm-9, type ext4), uses xattr
[20628.354772] EXT4-fs (dm-9): mounted filesystem with ordered data mode. Opts: discard
[20628.354787] SELinux: initialized (dev dm-9, type ext4), uses xattr
[20632.438814] EXT4-fs (dm-8): mounted filesystem with ordered data mode. Opts: discard
[20632.438829] SELinux: initialized (dev dm-8, type ext4), uses xattr
[20633.366416] EXT4-fs (dm-8): mounted filesystem with ordered data mode. Opts: discard
[20633.367106] SELinux: initialized (dev dm-8, type ext4), uses mountpoint labeling
[20633.554833] EXT4-fs (dm-8): mounted filesystem with ordered data mode. Opts: discard
[20633.555031] SELinux: initialized (dev dm-8, type ext4), uses mountpoint labeling
[20633.652566] EXT4-fs (dm-9): mounted filesystem with ordered data mode. Opts: discard
[20633.652581] SELinux: initialized (dev dm-9, type ext4), uses xattr
[20636.270562] EXT4-fs (dm-9): mounted filesystem with ordered data mode. Opts: discard
[20636.270577] SELinux: initialized (dev dm-9, type ext4), uses xattr
[20640.469374] EXT4-fs (dm-8): mounted filesystem with ordered data mode. Opts: discard
[20640.469392] SELinux: initialized (dev dm-8, type ext4), uses xattr
[20641.379955] EXT4-fs (dm-8): mounted filesystem with ordered data mode. Opts: discard
[20641.380509] SELinux: initialized (dev dm-8, type ext4), uses mountpoint labeling
[20641.601995] EXT4-fs (dm-8): mounted filesystem with ordered data mode. Opts: discard
[20641.602154] SELinux: initialized (dev dm-8, type ext4), uses mountpoint labeling
[20641.612392] SELinux: initialized (dev tmpfs, type tmpfs), uses mountpoint labeling
[20641.619528] SELinux: initialized (dev mqueue, type mqueue), uses transition SIDs
[20641.620540] SELinux: initialized (dev proc, type proc), uses genfs_contexts
[20641.659014] device veth1c5c63e entered promiscuous mode
[20641.659573] IPv6: ADDRCONF(NETDEV_UP): veth1c5c63e: link is not ready
[20641.690086] IPv6: ADDRCONF(NETDEV_CHANGE): veth1c5c63e: link becomes ready
[20641.690124] docker0: port 1(veth1c5c63e) entered forwarding state
[20641.690140] docker0: port 1(veth1c5c63e) entered forwarding state
